BL51 BANKED LINKER/LOCATER V6.22.2.0                                                    12/25/2019  12:50:41  PAGE 1


BL51 BANKED LINKER/LOCATER V6.22.2.0, INVOKED BY:
C:\USERTEMP\UV4\C51\BIN\BL51.EXE .\Output\main.obj, .\Output\public.obj, .\Output\uart.obj, .\Output\tftlcd.obj, .\Outpu
>> t\touch.obj, .\Output\gui.obj TO .\Output\template PRINT (.\template.m51) RAMSIZE (256)


MEMORY MODEL: LARGE


INPUT MODULES INCLUDED:
  .\Output\main.obj (MAIN)
  .\Output\public.obj (PUBLIC)
  .\Output\uart.obj (UART)
  .\Output\tftlcd.obj (TFTLCD)
  .\Output\touch.obj (TOUCH)
  .\Output\gui.obj (GUI)
  C:\USERTEMP\UV4\C51\LIB\C51L.LIB (?C_STARTUP)
  C:\USERTEMP\UV4\C51\LIB\C51L.LIB (?C?COPY)
  C:\USERTEMP\UV4\C51\LIB\C51L.LIB (?C?CLDPTR)
  C:\USERTEMP\UV4\C51\LIB\C51L.LIB (?C?CLDOPTR)
  C:\USERTEMP\UV4\C51\LIB\C51L.LIB (?C?CSTPTR)
  C:\USERTEMP\UV4\C51\LIB\C51L.LIB (?C?CSTOPTR)
  C:\USERTEMP\UV4\C51\LIB\C51L.LIB (?C?IMUL)
  C:\USERTEMP\UV4\C51\LIB\C51L.LIB (?C?UIDIV)
  C:\USERTEMP\UV4\C51\LIB\C51L.LIB (?C?SIDIV)
  C:\USERTEMP\UV4\C51\LIB\C51L.LIB (?C?IILDX)
  C:\USERTEMP\UV4\C51\LIB\C51L.LIB (?C?ILDIX)
  C:\USERTEMP\UV4\C51\LIB\C51L.LIB (?C?ILDOPTR)
  C:\USERTEMP\UV4\C51\LIB\C51L.LIB (?C?ISTOPTR)
  C:\USERTEMP\UV4\C51\LIB\C51L.LIB (?C?LMUL)
  C:\USERTEMP\UV4\C51\LIB\C51L.LIB (?C?ULDIV)
  C:\USERTEMP\UV4\C51\LIB\C51L.LIB (?C?SLDIV)
  C:\USERTEMP\UV4\C51\LIB\C51L.LIB (?C?SLCMP)
  C:\USERTEMP\UV4\C51\LIB\C51L.LIB (?C?ULCMP)
  C:\USERTEMP\UV4\C51\LIB\C51L.LIB (?C?ULSHR)
  C:\USERTEMP\UV4\C51\LIB\C51L.LIB (?C?LSTXDATA)
  C:\USERTEMP\UV4\C51\LIB\C51L.LIB (?C?LSTKXDATA)
  C:\USERTEMP\UV4\C51\LIB\C51L.LIB (?C?LIMUL)
  C:\USERTEMP\UV4\C51\LIB\C51L.LIB (PRINTF)
  C:\USERTEMP\UV4\C51\LIB\C51L.LIB (STRLEN)
  C:\USERTEMP\UV4\C51\LIB\C51L.LIB (?C_INIT)
  C:\USERTEMP\UV4\C51\LIB\C51L.LIB (?C?PLDIXDATA)
  C:\USERTEMP\UV4\C51\LIB\C51L.LIB (?C?PSTXDATA)
  C:\USERTEMP\UV4\C51\LIB\C51L.LIB (?C?CCASE)
  C:\USERTEMP\UV4\C51\LIB\C51L.LIB (PUTCHAR)


LINK MAP OF MODULE:  .\Output\template (MAIN)


            TYPE    BASE      LENGTH    RELOCATION   SEGMENT NAME
            -----------------------------------------------------

            * * * * * * *   D A T A   M E M O R Y   * * * * * * *
            REG     0000H     0008H     ABSOLUTE     "REG BANK 0"
            DATA    0008H     0005H     UNIT         _DATA_GROUP_
                    000DH     0013H                  *** GAP ***
            DATA    0020H     0001H     BIT_ADDR     ?BA?MAIN
            BIT     0021H.0   0001H.1   UNIT         _BIT_GROUP_
BL51 BANKED LINKER/LOCATER V6.22.2.0                                                  12/25/2019  12:50:41  PAGE 2


                    0022H.1   0000H.7                *** GAP ***
            IDATA   0023H     0001H     UNIT         ?STACK

            * * * * * * *  X D A T A   M E M O R Y  * * * * * * *
            XDATA   0000H     0082H     UNIT         _XDATA_GROUP_
            XDATA   0082H     0034H     UNIT         ?XD?UART
            XDATA   00B6H     0024H     UNIT         ?XD?_GUI_DRAW_ELLIPSE?GUI
            XDATA   00DAH     0022H     UNIT         ?XD?_GUI_FILL_ELLIPSE?GUI
            XDATA   00FCH     001FH     UNIT         ?XD?_GUI_DRAW_BLINE?GUI
            XDATA   011BH     001FH     UNIT         ?XD?_GUI_DRAW_BLINE1?GUI
            XDATA   013AH     001EH     UNIT         ?XD?_LCD_DRAWLINE_COLOR?TFTLCD
            XDATA   0158H     001EH     UNIT         ?XD?_GUI_DRAW_LINE?GUI
            XDATA   0176H     001EH     UNIT         ?XD?_GUI_SMOOTH_COLOR?GUI
            XDATA   0194H     001CH     UNIT         ?XD?_LCD_DRAWLINE?TFTLCD
            XDATA   01B0H     0018H     UNIT         ?XD?_GUI_FILL_CIRCLE?GUI
            XDATA   01C8H     0017H     UNIT         ?XD?MAIN
            XDATA   01DFH     0017H     UNIT         ?XD?_GUI_DRAW_SMOOTH_RECTANGLE?GUI
            XDATA   01F6H     0016H     UNIT         ?XD?_GUI_SHOW_STRING?GUI
            XDATA   020CH     0015H     UNIT         ?XD?_LCD_SHOWPICTURE?TFTLCD
            XDATA   0221H     0013H     UNIT         ?XD?_LCD_COLOR_FILL?TFTLCD
            XDATA   0234H     0013H     UNIT         ?XD?_GUI_SHOW_STRMIDEX?GUI
            XDATA   0247H     0012H     UNIT         ?XD?_GUI_SHOW_PTSTRWHITERIM?GUI
            XDATA   0259H     0011H     UNIT         ?XD?_GUI_ALPHABLEND_AREA?GUI
            XDATA   026AH     0010H     UNIT         ?XD?_GUI_SHOW_NUM?GUI
            XDATA   027AH     000EH     UNIT         ?XD?_LCD_SHOWXNUM?TFTLCD
            XDATA   0288H     000EH     UNIT         ?XD?_GUI_FILL_COLORBLOCK?GUI
            XDATA   0296H     000DH     UNIT         ?XD?_LCD_SHOWNUM?TFTLCD
            XDATA   02A3H     000DH     UNIT         ?XD?TOUCH
            XDATA   02B0H     000DH     UNIT         ?XD?_GUI_ALPHA_BLEND565?GUI
            XDATA   02BDH     000DH     UNIT         ?XD?_GUI_NUM2STREX?GUI
            XDATA   02CAH     000CH     UNIT         ?XD?_GUI_GET_STRINGLINE?GUI
            XDATA   02D6H     000BH     UNIT         ?XD?TFTLCD
            XDATA   02E1H     000AH     UNIT         ?XD?_LCD_DRAW_CIRCLE?TFTLCD
            XDATA   02EBH     000AH     UNIT         ?XD?_LCD_SHOWFONTHZ?TFTLCD
            XDATA   02F5H     000AH     UNIT         ?XD?_GUI_DRAW_RECTANGLE?GUI
            XDATA   02FFH     0009H     UNIT         ?XD?_GUI_NUM2STR?GUI
            XDATA   0308H     0008H     UNIT         ?XD?_LCD_READPOINT?TFTLCD
            XDATA   0310H     0008H     UNIT         ?XD?_LCD_DRAWRECTANGLE?TFTLCD
            XDATA   0318H     0008H     UNIT         ?XD?_GUI_COLOR_CHG?GUI
            XDATA   0320H     0008H     UNIT         ?XD?_GUI_DISABS?GUI
            XDATA   0328H     0006H     UNIT         ?XD?_LCD_DRAWBIGPOINT?TFTLCD
            XDATA   032EH     0006H     UNIT         ?XD?_LCD_DROWSIGN?TFTLCD
            XDATA   0334H     0006H     UNIT         ?XD?_LCD_POW?TFTLCD
            XDATA   033AH     0006H     UNIT         ?XD?_GUI_POW?GUI
            XDATA   0340H     0005H     UNIT         ?XD?_SPI_READ_BUF?MAIN
            XDATA   0345H     0004H     UNIT         ?XD?_GUI_DRAW_POINT?GUI
            XDATA   0349H     0003H     UNIT         ?XD?_UART_SENDSTRING?UART

            * * * * * * *   C O D E   M E M O R Y   * * * * * * *
            CODE    0000H     0003H     ABSOLUTE     
            CODE    0003H     001FH     UNIT         ?PR?_DELAY?TFTLCD
                    0022H     0001H                  *** GAP ***
            CODE    0023H     0003H     ABSOLUTE     
            CODE    0026H     1BF3H     UNIT         ?CO?TFTLCD
            CODE    1C19H     06B3H     UNIT         ?PR?_GUI_DRAW_ARCRECTANGLE?GUI
            CODE    22CCH     04A5H     UNIT         ?C?LIB_CODE
            CODE    2771H     0404H     UNIT         ?PR?_GUI_DRAW_ELLIPSE?GUI
BL51 BANKED LINKER/LOCATER V6.22.2.0                                                  12/25/2019  12:50:41  PAGE 3


            CODE    2B75H     03CAH     UNIT         ?PR?_GUI_DRAW_BLINE1?GUI
            CODE    2F3FH     03A5H     UNIT         ?PR?CALCULATOR_TEST?MAIN
            CODE    32E4H     03A0H     UNIT         ?PR?_GUI_FILL_CIRCLE?GUI
            CODE    3684H     0365H     UNIT         ?PR?PRINTF?PRINTF
            CODE    39E9H     0271H     UNIT         ?PR?_GUI_DRAW_CIRCLE8?GUI
            CODE    3C5AH     026CH     UNIT         ?PR?_GUI_DRAW_BLINE?GUI
            CODE    3EC6H     025CH     UNIT         ?PR?_GUI_FILL_ELLIPSE?GUI
            CODE    4122H     025BH     UNIT         ?PR?_GUI_SHOW_PTCHAR?GUI
            CODE    437DH     024AH     UNIT         ?PR?_GUI_SHOW_PTSTR?GUI
            CODE    45C7H     0249H     UNIT         ?PR?TFTLCD_INIT?TFTLCD
            CODE    4810H     0232H     UNIT         ?PR?_GUI_SHOW_STRING?GUI
            CODE    4A42H     0228H     UNIT         ?PR?_GUI_SHOW_STRINGEX?GUI
            CODE    4C6AH     020CH     UNIT         ?PR?_MULTIEDIT_CREATE?MAIN
            CODE    4E76H     01F3H     UNIT         ?PR?_GUI_DRAW_LINE?GUI
            CODE    5069H     01EFH     UNIT         ?PR?_LCD_DRAWLINE?TFTLCD
            CODE    5258H     01EDH     UNIT         ?PR?_LCD_DRAWLINE_COLOR?TFTLCD
            CODE    5445H     01E9H     UNIT         ?PR?_GUI_SMOOTH_COLOR?GUI
            CODE    562EH     01D8H     UNIT         ?PR?_LCD_DRAW_CIRCLE?TFTLCD
            CODE    5806H     01D7H     UNIT         ?PR?_GUI_DRAW_ARC?GUI
            CODE    59DDH     01C3H     UNIT         ?PR?_GUI_SHOW_NUM?GUI
            CODE    5BA0H     01AAH     UNIT         ?PR?_TOUCH_XPT_READDATA?TOUCH
            CODE    5D4AH     0189H     UNIT         ?PR?_GUI_GET_STRINGLINE?GUI
            CODE    5ED3H     0187H     UNIT         ?PR?_LCD_SHOWCHAR?TFTLCD
            CODE    605AH     014AH     UNIT         ?PR?_GUI_SHOW_STRMIDEX?GUI
            CODE    61A4H     0147H     UNIT         ?PR?_GUI_FILL_COLORBLOCK?GUI
            CODE    62EBH     0146H     UNIT         ?PR?_GUI_SHOW_STRMID?GUI
            CODE    6431H     0142H     UNIT         ?PR?_LCD_SHOWFONTHZ?TFTLCD
            CODE    6573H     0140H     UNIT         ?PR?TOUCH_SCAN?TOUCH
            CODE    66B3H     012DH     UNIT         ?PR?_LCD_SHOWPICTURE?TFTLCD
            CODE    67E0H     0129H     UNIT         ?PR?_LCD_SHOWXNUM?TFTLCD
            CODE    6909H     0123H     UNIT         ?PR?_BUTTON_PRESSCREATE?MAIN
            CODE    6A2CH     011FH     UNIT         ?PR?_BUTTON_CREATE?MAIN
            CODE    6B4BH     0114H     UNIT         ?PR?TOUCH_XPT_READXY?TOUCH
            CODE    6C5FH     010CH     UNIT         ?PR?_GUI_DRAW_SMOOTH_RECTANGLE?GUI
            CODE    6D6BH     00F8H     UNIT         ?PR?_LCD_COLOR_FILL?TFTLCD
            CODE    6E63H     00F7H     UNIT         ?PR?_GUI_ALPHABLEND_AREA?GUI
            CODE    6F5AH     00F4H     UNIT         ?PR?_GUI_DRAW_BIGPOINT?GUI
            CODE    704EH     00F0H     UNIT         ?PR?_LCD_DROWSIGN?TFTLCD
            CODE    713EH     00EDH     UNIT         ?PR?_GUI_ALPHA_BLEND565?GUI
            CODE    722BH     00E5H     UNIT         ?PR?_LCD_SHOWSTRING?TFTLCD
            CODE    7310H     00DCH     UNIT         ?PR?_LCD_SHOWNUM?TFTLCD
            CODE    73ECH     00D2H     UNIT         ?PR?_GUI_SHOW_PTSTRWHITERIM?GUI
            CODE    74BEH     00CFH     UNIT         ?PR?_LCD_READPOINT?TFTLCD
            CODE    758DH     00CAH     UNIT         ?PR?_GUI_NUM2STREX?GUI
            CODE    7657H     00C9H     UNIT         ?PR?_LCD_FILL?TFTLCD
            CODE    7720H     00C8H     UNIT         ?PR?_GUI_DRAW_RECTANGLE?GUI
            CODE    77E8H     00C1H     UNIT         ?PR?_GUI_DRAW_EXPOINT?GUI
            CODE    78A9H     00BDH     UNIT         ?PR?_MULTIEDIT_SHOWSTRING?MAIN
            CODE    7966H     00AEH     UNIT         ?PR?_GUI_NUM2STR?GUI
            CODE    7A14H     00AAH     UNIT         ?PR?_LCD_DRAWRECTANGLE?TFTLCD
            CODE    7ABEH     0094H     UNIT         ?PR?_GUI_DRAW_VLINE?GUI
            CODE    7B52H     0091H     UNIT         ?PR?_LCD_SET_WINDOW?TFTLCD
            CODE    7BE3H     008CH     UNIT         ?C_C51STARTUP
            CODE    7C6FH     008AH     UNIT         ?PR?_GUI_FILL_RECTANGLE?GUI
            CODE    7CF9H     0084H     UNIT         ?PR?UART_IRQN?UART
            CODE    7D7DH     0081H     UNIT         ?PR?_LCD_CLEAR?TFTLCD
            CODE    7DFEH     0080H     UNIT         ?PR?_GUI_COLOR_CHG?GUI
BL51 BANKED LINKER/LOCATER V6.22.2.0                                                  12/25/2019  12:50:41  PAGE 4


            CODE    7E7EH     007BH     UNIT         ?PR?_GUI_DRAW_HLINE?GUI
            CODE    7EF9H     0073H     UNIT         ?PR?_LCD_DRAWBIGPOINT?TFTLCD
            CODE    7F6CH     006BH     UNIT         ?PR?_GUI_DISABS?GUI
            CODE    7FD7H     0060H     UNIT         ?PR?_TX_MODE?MAIN
            CODE    8037H     0052H     UNIT         ?PR?_LCD_DISPLAY_DIR?TFTLCD
            CODE    8089H     0050H     UNIT         ?PR?_LCD_POW?TFTLCD
            CODE    80D9H     0049H     UNIT         ?PR?_GUI_POW?GUI
            CODE    8122H     0048H     UNIT         ?PR?_LCD_DRAWFRONT_COLOR?TFTLCD
            CODE    816AH     0044H     UNIT         ?C?LDIV
            CODE    81AEH     0041H     UNIT         ?PR?_SPI_WRITE_BUF?MAIN
            CODE    81EFH     0040H     UNIT         ?PR?_LCD_DRAWPOINT?TFTLCD
            CODE    822FH     003CH     UNIT         ?PR?_GUI_RGB332TORGB565?GUI
            CODE    826BH     003CH     UNIT         ?PR?_GUI_DRAW_POINT?GUI
            CODE    82A7H     003BH     UNIT         ?PR?TOUCH_SPI_READ?TOUCH
            CODE    82E2H     0036H     UNIT         ?PR?CHECK_ACK?MAIN
            CODE    8318H     0035H     UNIT         ?PR?_SPI_READ_BUF?MAIN
            CODE    834DH     0033H     UNIT         ?PR?_UART_SENDSTRING?UART
            CODE    8380H     002EH     UNIT         ?PR?RX_MODE?MAIN
            CODE    83AEH     002EH     UNIT         ?PR?_LCD_WRITEDATA?TFTLCD
            CODE    83DCH     002CH     UNIT         ?PR?_SPI_RW?MAIN
            CODE    8408H     0029H     UNIT         ?PR?_LCD_WRITECMD?TFTLCD
            CODE    8431H     0029H     UNIT         ?PR?_LCD_WRITEDATA_COLOR?TFTLCD
            CODE    845AH     0027H     UNIT         ?PR?PUTCHAR?PUTCHAR
            CODE    8481H     0026H     UNIT         ?C_INITSEG
            CODE    84A7H     0025H     UNIT         ?PR?_TOUCH_SPI_WRITE?TOUCH
            CODE    84CCH     0024H     UNIT         ?PR?_BLINK?MAIN
            CODE    84F0H     0023H     UNIT         ?CO?MAIN
            CODE    8513H     001FH     UNIT         ?PR?LCD_READDATA?TFTLCD
            CODE    8532H     001EH     UNIT         ?PR?_DELAY_MS?PUBLIC
            CODE    8550H     001DH     UNIT         ?PR?_NRFSENDMESSAGE?MAIN
            CODE    856DH     001AH     UNIT         ?PR?_SPI_RW_REG?MAIN
            CODE    8587H     0016H     UNIT         ?PR?UART_INIT?UART
            CODE    859DH     0015H     UNIT         ?PR?_STRLEN?STRLEN
            CODE    85B2H     0014H     UNIT         ?PR?_LCD_WRITECMDDATA?TFTLCD
            CODE    85C6H     0011H     UNIT         ?PR?CHECKBUTTONS?MAIN
            CODE    85D7H     0011H     UNIT         ?PR?MAIN?MAIN
            CODE    85E8H     000EH     UNIT         ?PR?_DELAY_US?PUBLIC
            CODE    85F6H     000EH     UNIT         ?PR?_UART_SENDDATA?UART
            CODE    8604H     000DH     UNIT         ?PR?_SPI_READ?MAIN
            CODE    8611H     000BH     UNIT         ?PR?INIT_IO?MAIN
            CODE    861CH     000BH     UNIT         ?PR?_DELAY_10US?PUBLIC
            CODE    8627H     000BH     UNIT         ?PR?TOUCH_SPI_START?TOUCH
            CODE    8632H     0008H     UNIT         ?PR?_UART_CMD?UART



OVERLAY MAP OF MODULE:   .\Output\template (MAIN)


SEGMENT                                       BIT_GROUP          DATA_GROUP          XDATA_GROUP
  +--> CALLED SEGMENT                      START    LENGTH     START    LENGTH     START    LENGTH
--------------------------------------------------------------------------------------------------
?C_C51STARTUP                              -----    -----      -----    -----      -----    -----
  +--> ?PR?MAIN?MAIN
  +--> ?C_INITSEG

?PR?MAIN?MAIN                              -----    -----      -----    -----      -----    -----
BL51 BANKED LINKER/LOCATER V6.22.2.0                                                  12/25/2019  12:50:41  PAGE 5


  +--> ?PR?UART_INIT?UART
  +--> ?PR?TFTLCD_INIT?TFTLCD
  +--> ?PR?INIT_IO?MAIN
  +--> ?PR?CALCULATOR_TEST?MAIN
  +--> ?PR?CHECKBUTTONS?MAIN

?PR?TFTLCD_INIT?TFTLCD                     -----    -----      -----    -----      -----    -----
  +--> ?PR?_DELAY_MS?PUBLIC
  +--> ?PR?_LCD_WRITECMD?TFTLCD
  +--> ?PR?LCD_READDATA?TFTLCD
  +--> ?CO?TFTLCD
  +--> ?PR?PRINTF?PRINTF
  +--> ?PR?_LCD_WRITEDATA?TFTLCD
  +--> ?PR?_DELAY_10US?PUBLIC
  +--> ?PR?_DELAY?TFTLCD
  +--> ?PR?_LCD_DISPLAY_DIR?TFTLCD
  +--> ?PR?_LCD_CLEAR?TFTLCD

?PR?PRINTF?PRINTF                          0021H.0  0001H.1    0008H    0005H      0000H    0028H
  +--> ?PR?PUTCHAR?PUTCHAR

?PR?_LCD_WRITEDATA?TFTLCD                  -----    -----      -----    -----      -----    -----
  +--> ?PR?_LCD_WRITECMD?TFTLCD

?PR?_LCD_DISPLAY_DIR?TFTLCD                -----    -----      -----    -----      -----    -----
  +--> ?PR?_LCD_WRITECMDDATA?TFTLCD

?PR?_LCD_WRITECMDDATA?TFTLCD               -----    -----      -----    -----      -----    -----
  +--> ?PR?_LCD_WRITECMD?TFTLCD
  +--> ?PR?_LCD_WRITEDATA?TFTLCD

?PR?_LCD_CLEAR?TFTLCD                      -----    -----      -----    -----      0000H    0004H
  +--> ?PR?_LCD_SET_WINDOW?TFTLCD
  +--> ?PR?_LCD_WRITEDATA_COLOR?TFTLCD

?PR?_LCD_SET_WINDOW?TFTLCD                 -----    -----      -----    -----      007AH    0008H
  +--> ?PR?_LCD_WRITEDATA?TFTLCD
  +--> ?PR?_LCD_WRITECMD?TFTLCD

?PR?CALCULATOR_TEST?MAIN                   -----    -----      -----    -----      0000H    0019H
  +--> ?CO?MAIN
  +--> ?PR?_LCD_SHOWSTRING?TFTLCD
  +--> ?PR?_MULTIEDIT_CREATE?MAIN
  +--> ?PR?_MULTIEDIT_SHOWSTRING?MAIN
  +--> ?PR?_BUTTON_CREATE?MAIN
  +--> ?PR?TOUCH_SCAN?TOUCH
  +--> ?PR?_BUTTON_PRESSCREATE?MAIN
  +--> ?PR?_DELAY_MS?PUBLIC

?PR?_LCD_SHOWSTRING?TFTLCD                 -----    -----      -----    -----      0019H    000DH
  +--> ?PR?_LCD_SHOWCHAR?TFTLCD

?PR?_LCD_SHOWCHAR?TFTLCD                   -----    -----      -----    -----      0026H    000CH
  +--> ?CO?TFTLCD
  +--> ?PR?_LCD_DRAWFRONT_COLOR?TFTLCD

?PR?_LCD_DRAWFRONT_COLOR?TFTLCD            -----    -----      -----    -----      0074H    0006H
BL51 BANKED LINKER/LOCATER V6.22.2.0                                                  12/25/2019  12:50:41  PAGE 6


  +--> ?PR?_LCD_SET_WINDOW?TFTLCD
  +--> ?PR?_LCD_WRITEDATA_COLOR?TFTLCD

?PR?_MULTIEDIT_CREATE?MAIN                 -----    -----      -----    -----      0019H    000AH
  +--> ?PR?_GUI_DRAW_VLINE?GUI
  +--> ?PR?_GUI_DRAW_HLINE?GUI
  +--> ?PR?_GUI_FILL_RECTANGLE?GUI

?PR?_GUI_DRAW_VLINE?GUI                    -----    -----      -----    -----      0038H    0008H
  +--> ?PR?_LCD_FILL?TFTLCD

?PR?_LCD_FILL?TFTLCD                       -----    -----      -----    -----      0042H    000CH
  +--> ?PR?_LCD_SET_WINDOW?TFTLCD
  +--> ?PR?_LCD_WRITEDATA_COLOR?TFTLCD

?PR?_GUI_DRAW_HLINE?GUI                    -----    -----      -----    -----      0038H    0008H
  +--> ?PR?_LCD_FILL?TFTLCD

?PR?_GUI_FILL_RECTANGLE?GUI                -----    -----      -----    -----      0038H    000AH
  +--> ?PR?_LCD_FILL?TFTLCD

?PR?_MULTIEDIT_SHOWSTRING?MAIN             -----    -----      -----    -----      0019H    0014H
  +--> ?PR?_GUI_SHOW_STRINGEX?GUI

?PR?_GUI_SHOW_STRINGEX?GUI                 -----    -----      -----    -----      002DH    0017H
  +--> ?PR?_GUI_SHOW_PTCHAR?GUI

?PR?_GUI_SHOW_PTCHAR?GUI                   -----    -----      -----    -----      004DH    0019H
  +--> ?CO?TFTLCD
  +--> ?PR?_GUI_DRAW_BIGPOINT?GUI
  +--> ?PR?_LCD_DRAWFRONT_COLOR?TFTLCD

?PR?_GUI_DRAW_BIGPOINT?GUI                 -----    -----      -----    -----      0066H    000EH
  +--> ?PR?_LCD_DRAWFRONT_COLOR?TFTLCD

?PR?_BUTTON_CREATE?MAIN                    -----    -----      -----    -----      0019H    000FH
  +--> ?PR?_GUI_DRAW_ARCRECTANGLE?GUI
  +--> ?PR?_GUI_DRAW_HLINE?GUI
  +--> ?PR?_GUI_SHOW_STRMID?GUI

?PR?_GUI_DRAW_ARCRECTANGLE?GUI             -----    -----      -----    -----      0028H    0010H
  +--> ?PR?_GUI_FILL_RECTANGLE?GUI
  +--> ?PR?_GUI_DRAW_HLINE?GUI
  +--> ?PR?_GUI_DRAW_VLINE?GUI
  +--> ?PR?_GUI_DRAW_ARC?GUI

?PR?_GUI_DRAW_ARC?GUI                      -----    -----      -----    -----      0038H    0019H
  +--> ?PR?_GUI_DRAW_CIRCLE8?GUI

?PR?_GUI_DRAW_CIRCLE8?GUI                  -----    -----      -----    -----      0051H    0012H
  +--> ?PR?_GUI_DRAW_EXPOINT?GUI

?PR?_GUI_DRAW_EXPOINT?GUI                  -----    -----      -----    -----      0063H    0010H
  +--> ?PR?_LCD_DRAWPOINT?TFTLCD

?PR?_LCD_DRAWPOINT?TFTLCD                  -----    -----      -----    -----      -----    -----
  +--> ?PR?_LCD_SET_WINDOW?TFTLCD
BL51 BANKED LINKER/LOCATER V6.22.2.0                                                  12/25/2019  12:50:41  PAGE 7


  +--> ?PR?_LCD_WRITEDATA_COLOR?TFTLCD

?PR?_GUI_SHOW_STRMID?GUI                   -----    -----      -----    -----      0028H    0012H
  +--> ?PR?_STRLEN?STRLEN
  +--> ?PR?_GUI_SHOW_PTSTR?GUI

?PR?_GUI_SHOW_PTSTR?GUI                    -----    -----      -----    -----      003AH    0013H
  +--> ?PR?_GUI_SHOW_PTCHAR?GUI

?PR?TOUCH_SCAN?TOUCH                       -----    -----      -----    -----      0019H    0001H
  +--> ?PR?TOUCH_XPT_READXY?TOUCH

?PR?TOUCH_XPT_READXY?TOUCH                 -----    -----      -----    -----      001AH    000AH
  +--> ?PR?TOUCH_SPI_START?TOUCH
  +--> ?PR?_TOUCH_XPT_READDATA?TOUCH

?PR?_TOUCH_XPT_READDATA?TOUCH              -----    -----      -----    -----      0024H    001AH
  +--> ?PR?_TOUCH_SPI_WRITE?TOUCH
  +--> ?PR?TOUCH_SPI_READ?TOUCH

?PR?TOUCH_SPI_READ?TOUCH                   -----    -----      -----    -----      003EH    0002H

?PR?_BUTTON_PRESSCREATE?MAIN               -----    -----      -----    -----      0019H    000FH
  +--> ?PR?_GUI_DRAW_ARCRECTANGLE?GUI
  +--> ?PR?_GUI_DRAW_HLINE?GUI
  +--> ?PR?_GUI_SHOW_STRMID?GUI

?PR?CHECKBUTTONS?MAIN                      -----    -----      -----    -----      -----    -----
  +--> ?PR?_NRFSENDMESSAGE?MAIN

?PR?_NRFSENDMESSAGE?MAIN                   -----    -----      -----    -----      -----    -----
  +--> ?PR?_TX_MODE?MAIN
  +--> ?PR?CHECK_ACK?MAIN
  +--> ?PR?_SPI_RW_REG?MAIN
  +--> ?PR?_DELAY_MS?PUBLIC

?PR?_TX_MODE?MAIN                          -----    -----      -----    -----      0000H    0003H
  +--> ?CO?MAIN
  +--> ?PR?_SPI_WRITE_BUF?MAIN
  +--> ?PR?_SPI_RW_REG?MAIN
  +--> ?PR?_DELAY_MS?PUBLIC

?PR?_SPI_WRITE_BUF?MAIN                    -----    -----      -----    -----      0003H    0005H
  +--> ?CO?MAIN
  +--> ?PR?_SPI_RW?MAIN

?PR?_SPI_RW_REG?MAIN                       -----    -----      -----    -----      -----    -----
  +--> ?PR?_SPI_RW?MAIN

?PR?CHECK_ACK?MAIN                         0021H.0  0000H.1    -----    -----      -----    -----
  +--> ?PR?_DELAY_MS?PUBLIC
  +--> ?PR?_SPI_RW?MAIN
  +--> ?PR?_BLINK?MAIN
  +--> ?PR?_SPI_RW_REG?MAIN

?PR?_BLINK?MAIN                            -----    -----      -----    -----      0000H    0001H
  +--> ?PR?_DELAY_MS?PUBLIC
BL51 BANKED LINKER/LOCATER V6.22.2.0                                                  12/25/2019  12:50:41  PAGE 8





SYMBOL TABLE OF MODULE:  .\Output\template (MAIN)

  VALUE           TYPE          NAME
  ----------------------------------

  -------         MODULE        MAIN
  C:0000H         SYMBOL        _ICE_DUMMY_
  D:0090H         PUBLIC        P1
  D:00A0H         PUBLIC        P2
  D:00B0H         PUBLIC        P3
  B:00A0H.6       PUBLIC        LED1
  B:0090H.2       PUBLIC        CE
  D:00A8H         PUBLIC        IE
  C:82E2H         PUBLIC        Check_ACK
  C:8380H         PUBLIC        RX_Mode
  X:01CAH         PUBLIC        T_BUF
  C:84CCH         PUBLIC        _blink
  C:7FD7H         PUBLIC        _TX_Mode
  C:2F3FH         PUBLIC        Calculator_Test
  C:850EH         PUBLIC        TX_ADDRESS
  C:78B3H         PUBLIC        _MultiEdit_ShowString
  D:00B8H         PUBLIC        IP
  X:01CBH         PUBLIC        DATA
  X:01CCH         PUBLIC        flag
  B:0020H.6       PUBLIC        RX_DR
  B:0020H.5       PUBLIC        TX_DS
  C:85D7H         PUBLIC        main
  X:01CDH         PUBLIC        Button_text
  D:0098H         PUBLIC        SCON
  D:0088H         PUBLIC        TCON
  C:6A2CH         PUBLIC        _Button_Create
  B:0090H.6       PUBLIC        MISO
  B:0090H.1       PUBLIC        MOSI
  C:8550H         PUBLIC        _NRFSendMessage
  C:8504H         SYMBOL        _?ix1000
  C:8509H         SYMBOL        _?ix1001
  D:0020H         PUBLIC        sta
  C:6909H         PUBLIC        _Button_PressCreate
  C:8318H         PUBLIC        _SPI_Read_Buf
  C:8604H         PUBLIC        _SPI_Read
  C:4C74H         PUBLIC        _MultiEdit_Create
  C:85C6H         PUBLIC        CheckButtons
  B:00A0H.1       PUBLIC        LED
  C:81BCH         PUBLIC        _SPI_Write_Buf
  B:0090H.7       PUBLIC        SCK
  B:0090H.3       PUBLIC        CSN
  D:00C8H         PUBLIC        T2CON
  X:01D7H         PUBLIC        RX_BUF
  X:01DBH         PUBLIC        TX_BUF
  B:0090H.4       PUBLIC        IRQ
  B:0020H.4       PUBLIC        MAX_RT
  C:8611H         PUBLIC        init_io
  C:8576H         PUBLIC        _SPI_RW_Reg
  C:83E6H         PUBLIC        _SPI_RW
BL51 BANKED LINKER/LOCATER V6.22.2.0                                                  12/25/2019  12:50:41  PAGE 9


  D:00D0H         PUBLIC        PSW
  -------         PROC          L?0054
  -------         ENDPROC       L?0054
  -------         PROC          _MULTIEDIT_CREATE
  X:0019H         SYMBOL        x0
  X:001BH         SYMBOL        y0
  X:001DH         SYMBOL        width
  X:001FH         SYMBOL        height
  X:0021H         SYMBOL        backcolor
  C:4C74H         LINE#         35
  C:4C8AH         LINE#         36
  C:4C8AH         LINE#         37
  C:4C9FH         LINE#         38
  C:4CC0H         LINE#         39
  C:4CF7H         LINE#         40
  C:4D2EH         LINE#         41
  C:4D63H         LINE#         42
  C:4D98H         LINE#         43
  C:4DDBH         LINE#         44
  C:4E1EH         LINE#         45
  -------         ENDPROC       _MULTIEDIT_CREATE
  -------         PROC          L?0055
  -------         ENDPROC       L?0055
  -------         PROC          _MULTIEDIT_SHOWSTRING
  X:0019H         SYMBOL        x0
  X:001BH         SYMBOL        y0
  X:001DH         SYMBOL        width
  X:001FH         SYMBOL        height
  X:0021H         SYMBOL        xoffset
  X:0023H         SYMBOL        yoffset
  X:0025H         SYMBOL        backcolor
  X:0027H         SYMBOL        frontcolor
  X:0029H         SYMBOL        size
  X:002AH         SYMBOL        str
  -------         DO            
  X:01C8H         SYMBOL        color_temp
  -------         ENDDO         
  C:78B3H         LINE#         56
  C:78C7H         LINE#         57
  C:78C7H         LINE#         60
  C:78D6H         LINE#         61
  C:78E5H         LINE#         62
  C:7956H         LINE#         63
  C:7965H         LINE#         64
  -------         ENDPROC       _MULTIEDIT_SHOWSTRING
  -------         PROC          _BUTTON_CREATE
  X:0019H         SYMBOL        x0
  X:001BH         SYMBOL        y0
  X:001DH         SYMBOL        width
  X:001FH         SYMBOL        height
  X:0021H         SYMBOL        r
  X:0022H         SYMBOL        frontcolor
  X:0024H         SYMBOL        size
  X:0025H         SYMBOL        str
  C:6A2CH         LINE#         106
  C:6A40H         LINE#         107
  C:6A40H         LINE#         108
BL51 BANKED LINKER/LOCATER V6.22.2.0                                                  12/25/2019  12:50:41  PAGE 10


  C:6A6EH         LINE#         109
  C:6AA7H         LINE#         110
  C:6AE9H         LINE#         111
  -------         ENDPROC       _BUTTON_CREATE
  -------         PROC          _BUTTON_PRESSCREATE
  X:0019H         SYMBOL        x0
  X:001BH         SYMBOL        y0
  X:001DH         SYMBOL        width
  X:001FH         SYMBOL        height
  X:0021H         SYMBOL        r
  X:0022H         SYMBOL        frontcolor
  X:0024H         SYMBOL        size
  X:0025H         SYMBOL        str
  C:6909H         LINE#         119
  C:691DH         LINE#         120
  C:691DH         LINE#         121
  C:6947H         LINE#         122
  C:6988H         LINE#         123
  C:69CAH         LINE#         124
  -------         ENDPROC       _BUTTON_PRESSCREATE
  -------         PROC          CALCULATOR_TEST
  -------         DO            
  X:0000H         SYMBOL        i
  X:0001H         SYMBOL        j
  X:0002H         SYMBOL        Button_PressFlag
  X:0003H         SYMBOL        total_cnt
  X:0004H         SYMBOL        dat1_cnt
  X:0005H         SYMBOL        dat2_cnt
  X:0006H         SYMBOL        fuhao_value
  X:0007H         SYMBOL        fuhao_flag
  X:0008H         SYMBOL        dat1_num
  X:000AH         SYMBOL        dat2_num
  X:000CH         SYMBOL        result
  X:000EH         SYMBOL        pos
  X:000FH         SYMBOL        row
  X:0014H         SYMBOL        col
  -------         ENDDO         
  C:2F3FH         LINE#         134
  C:2F3FH         LINE#         135
  C:2F3FH         LINE#         136
  C:2F44H         LINE#         137
  C:2F46H         LINE#         138
  C:2F48H         LINE#         139
  C:2F4AH         LINE#         140
  C:2F4CH         LINE#         141
  C:2F4EH         LINE#         142
  C:2F50H         LINE#         143
  C:2F52H         LINE#         144
  C:2F56H         LINE#         145
  C:2F5AH         LINE#         146
  C:2F5EH         LINE#         148
  C:2F70H         LINE#         149
  C:2F83H         LINE#         151
  C:2F8CH         LINE#         152
  C:2FBCH         LINE#         153
  C:2FD0H         LINE#         154
  C:3009H         LINE#         155
BL51 BANKED LINKER/LOCATER V6.22.2.0                                                  12/25/2019  12:50:41  PAGE 11


  C:301DH         LINE#         156
  C:3056H         LINE#         158
  C:3069H         LINE#         159
  C:3069H         LINE#         161
  C:30D4H         LINE#         162
  C:30DDH         LINE#         164
  C:30DDH         LINE#         165
  C:30DDH         LINE#         166
  C:30E0H         LINE#         167
  C:30E9H         LINE#         168
  C:30E9H         LINE#         169
  C:30FFH         LINE#         170
  C:30FFH         LINE#         171
  C:31BDH         LINE#         175
  C:31BDH         LINE#         176
  C:31C5H         LINE#         177
  C:31CAH         LINE#         178
  C:31D0H         LINE#         179
  C:31D0H         LINE#         180
  C:31D9H         LINE#         181
  C:31D9H         LINE#         183
  C:31D9H         LINE#         184
  C:31DFH         LINE#         185
  C:31DFH         LINE#         186
  C:31E1H         LINE#         188
  C:3252H         LINE#         189
  C:3252H         LINE#         190
  C:3252H         LINE#         191
  C:3258H         LINE#         192
  C:3258H         LINE#         194
  C:32C9H         LINE#         195
  C:32C9H         LINE#         197
  C:32CFH         LINE#         198
  C:32D8H         LINE#         199
  C:32DAH         LINE#         200
  C:32E1H         LINE#         201
  -------         ENDPROC       CALCULATOR_TEST
  -------         PROC          INIT_IO
  C:8611H         LINE#         290
  C:8611H         LINE#         291
  C:8611H         LINE#         292
  C:8613H         LINE#         293
  C:8615H         LINE#         294
  C:8617H         LINE#         295
  C:8619H         LINE#         296
  C:861BH         LINE#         297
  -------         ENDPROC       INIT_IO
  -------         PROC          L?0056
  -------         ENDPROC       L?0056
  -------         PROC          _SPI_RW
  D:0007H         SYMBOL        byte
  -------         DO            
  D:0006H         SYMBOL        i
  -------         ENDDO         
  C:83E6H         LINE#         306
  C:83E6H         LINE#         307
  C:83E6H         LINE#         309
BL51 BANKED LINKER/LOCATER V6.22.2.0                                                  12/25/2019  12:50:41  PAGE 12


  C:83F2H         LINE#         310
  C:83F2H         LINE#         311
  C:83F6H         LINE#         312
  C:83FAH         LINE#         313
  C:83FCH         LINE#         314
  C:8402H         LINE#         315
  C:8404H         LINE#         316
  C:8407H         LINE#         317
  C:8407H         LINE#         318
  -------         ENDPROC       _SPI_RW
  -------         PROC          L?0057
  -------         ENDPROC       L?0057
  -------         PROC          _SPI_RW_REG
  D:0007H         SYMBOL        reg
  D:0005H         SYMBOL        value
  -------         DO            
  D:0004H         SYMBOL        status
  -------         ENDDO         
  C:8576H         LINE#         327
  C:8576H         LINE#         328
  C:8576H         LINE#         330
  C:8578H         LINE#         331
  C:857DH         LINE#         332
  C:8582H         LINE#         333
  C:8584H         LINE#         334
  C:8586H         LINE#         335
  -------         ENDPROC       _SPI_RW_REG
  -------         PROC          _SPI_READ
  D:0007H         SYMBOL        reg
  -------         DO            
  D:0007H         SYMBOL        reg_val
  -------         ENDDO         
  C:8604H         LINE#         344
  C:8604H         LINE#         345
  C:8604H         LINE#         347
  C:8606H         LINE#         348
  C:8609H         LINE#         349
  C:860EH         LINE#         350
  C:8610H         LINE#         351
  C:8610H         LINE#         352
  -------         ENDPROC       _SPI_READ
  -------         PROC          _SPI_READ_BUF
  D:0007H         SYMBOL        reg
  X:0341H         SYMBOL        pBuf
  X:0344H         SYMBOL        bytes
  -------         DO            
  D:0005H         SYMBOL        status
  D:0004H         SYMBOL        i
  -------         ENDDO         
  C:8318H         LINE#         361
  C:831BH         LINE#         362
  C:831BH         LINE#         364
  C:831BH         LINE#         365
  C:8320H         LINE#         366
  C:832CH         LINE#         367
  C:8348H         LINE#         368
  C:834AH         LINE#         369
BL51 BANKED LINKER/LOCATER V6.22.2.0                                                  12/25/2019  12:50:41  PAGE 13


  C:834CH         LINE#         370
  -------         ENDPROC       _SPI_READ_BUF
  -------         PROC          L?0053
  -------         ENDPROC       L?0053
  -------         PROC          _SPI_WRITE_BUF
  D:0007H         SYMBOL        reg
  X:0004H         SYMBOL        pBuf
  X:0007H         SYMBOL        bytes
  -------         DO            
  D:0005H         SYMBOL        status
  D:0004H         SYMBOL        i
  -------         ENDDO         
  C:81BCH         LINE#         379
  C:81BFH         LINE#         380
  C:81BFH         LINE#         382
  C:81BFH         LINE#         383
  C:81C4H         LINE#         384
  C:81D0H         LINE#         385
  C:81EAH         LINE#         386
  C:81ECH         LINE#         387
  C:81EEH         LINE#         388
  -------         ENDPROC       _SPI_WRITE_BUF
  -------         PROC          CHECK_ACK
  B:0021H.0       SYMBOL        clear
  C:82E2H         LINE#         397
  C:82E2H         LINE#         398
  C:82E2H         LINE#         399
  C:82E9H         LINE#         400
  C:82ECH         LINE#         401
  C:82F3H         LINE#         402
  C:82F6H         LINE#         403
  C:82F6H         LINE#         404
  C:82FBH         LINE#         405
  C:82FBH         LINE#         406
  C:82FEH         LINE#         407
  C:8301H         LINE#         408
  C:8306H         LINE#         409
  C:830DH         LINE#         410
  C:830FH         LINE#         411
  C:8312H         LINE#         412
  C:8315H         LINE#         414
  C:8317H         LINE#         415
  -------         ENDPROC       CHECK_ACK
  -------         PROC          RX_MODE
  C:8380H         LINE#         424
  C:8380H         LINE#         425
  C:8380H         LINE#         426
  C:8382H         LINE#         427
  C:8385H         LINE#         428
  C:8385H         LINE#         429
  C:8388H         LINE#         430
  C:838FH         LINE#         431
  C:8396H         LINE#         432
  C:839DH         LINE#         433
  C:83A4H         LINE#         434
  C:83ABH         LINE#         435
  C:83ADH         LINE#         436
BL51 BANKED LINKER/LOCATER V6.22.2.0                                                  12/25/2019  12:50:41  PAGE 14


  -------         ENDPROC       RX_MODE
  -------         PROC          _TX_MODE
  X:0000H         SYMBOL        BUF
  C:7FD7H         LINE#         445
  C:7FE2H         LINE#         446
  C:7FE2H         LINE#         447
  C:7FE4H         LINE#         448
  C:7FF5H         LINE#         449
  C:7FF8H         LINE#         450
  C:800EH         LINE#         451
  C:800EH         LINE#         452
  C:8011H         LINE#         453
  C:8018H         LINE#         454
  C:801FH         LINE#         455
  C:8026H         LINE#         456
  C:802DH         LINE#         457
  C:8034H         LINE#         458
  C:8036H         LINE#         459
  -------         ENDPROC       _TX_MODE
  -------         PROC          _NRFSENDMESSAGE
  D:0001H         SYMBOL        BUF
  C:8550H         LINE#         468
  C:8550H         LINE#         469
  C:8550H         LINE#         470
  C:8553H         LINE#         471
  C:8558H         LINE#         472
  C:855FH         LINE#         473
  C:8566H         LINE#         474
  -------         ENDPROC       _NRFSENDMESSAGE
  -------         PROC          _BLINK
  X:0000H         SYMBOL        i
  C:84CCH         LINE#         478
  C:84D1H         LINE#         479
  C:84D1H         LINE#         480
  C:84DBH         LINE#         481
  C:84DBH         LINE#         482
  C:84DDH         LINE#         483
  C:84E4H         LINE#         484
  C:84E6H         LINE#         485
  C:84EDH         LINE#         486
  C:84EFH         LINE#         488
  -------         ENDPROC       _BLINK
  -------         PROC          CHECKBUTTONS
  C:85C6H         LINE#         497
  C:85C6H         LINE#         498
  C:85C6H         LINE#         499
  C:85CEH         LINE#         500
  -------         ENDPROC       CHECKBUTTONS
  -------         PROC          MAIN
  C:85D7H         LINE#         509
  C:85D7H         LINE#         510
  C:85D7H         LINE#         512
  C:85DAH         LINE#         513
  C:85DDH         LINE#         514
  C:85E0H         LINE#         515
  C:85E3H         LINE#         516
  C:85E6H         LINE#         517
BL51 BANKED LINKER/LOCATER V6.22.2.0                                                  12/25/2019  12:50:41  PAGE 15


  C:85E6H         LINE#         518
  C:85E6H         LINE#         520
  -------         ENDPROC       MAIN
  -------         ENDMOD        MAIN

  -------         MODULE        PUBLIC
  C:0000H         SYMBOL        _ICE_DUMMY_
  D:0090H         PUBLIC        P1
  D:00B0H         PUBLIC        P3
  D:00A8H         PUBLIC        IE
  D:00B8H         PUBLIC        IP
  D:0098H         PUBLIC        SCON
  D:0088H         PUBLIC        TCON
  C:861CH         PUBLIC        _delay_10us
  C:8532H         PUBLIC        _delay_ms
  C:85E8H         PUBLIC        _delay_us
  D:00C8H         PUBLIC        T2CON
  D:00D0H         PUBLIC        PSW
  -------         PROC          _DELAY_10US
  D:0006H         SYMBOL        us
  C:861CH         LINE#         6
  C:861CH         LINE#         7
  C:861CH         LINE#         8
  C:8626H         LINE#         9
  -------         ENDPROC       _DELAY_10US
  -------         PROC          _DELAY_US
  D:0006H         SYMBOL        n
  C:85E8H         LINE#         11
  C:85E8H         LINE#         12
  C:85E8H         LINE#         13
  C:85F2H         LINE#         14
  C:85F2H         LINE#         15
  C:85F3H         LINE#         21
  C:85F5H         LINE#         22
  -------         ENDPROC       _DELAY_US
  -------         PROC          _DELAY_MS
  D:0006H         SYMBOL        ms
  -------         DO            
  D:0006H         SYMBOL        i
  D:0004H         SYMBOL        j
  -------         ENDDO         
  C:8532H         LINE#         24
  C:8532H         LINE#         25
  C:8532H         LINE#         27
  C:853BH         LINE#         28
  C:854FH         LINE#         29
  -------         ENDPROC       _DELAY_MS
  -------         ENDMOD        PUBLIC

  -------         MODULE        UART
  C:0000H         SYMBOL        _ICE_DUMMY_
  D:0090H         PUBLIC        P1
  D:00B0H         PUBLIC        P3
  B:00A8H.7       PUBLIC        EA
  X:0082H         PUBLIC        UART_RX_BUF
  D:00A8H         PUBLIC        IE
  X:00B4H         PUBLIC        UART_RX_STA
BL51 BANKED LINKER/LOCATER V6.22.2.0                                                  12/25/2019  12:50:41  PAGE 16


  B:00A8H.4       PUBLIC        ES
  D:00B8H         PUBLIC        IP
  B:0098H.0       PUBLIC        RI
  B:0098H.1       PUBLIC        TI
  C:834DH         PUBLIC        _UART_SendString
  C:85F6H         PUBLIC        _UART_SendData
  D:0099H         PUBLIC        SBUF
  D:0087H         PUBLIC        PCON
  C:8632H         PUBLIC        _UART_Cmd
  C:8587H         PUBLIC        UART_Init
  D:0098H         PUBLIC        SCON
  D:0089H         PUBLIC        TMOD
  D:0088H         PUBLIC        TCON
  D:008DH         PUBLIC        TH1
  D:008BH         PUBLIC        TL1
  B:0088H.6       PUBLIC        TR1
  D:00C8H         PUBLIC        T2CON
  C:7CF9H         PUBLIC        UART_IRQn
  D:00D0H         PUBLIC        PSW
  -------         PROC          UART_INIT
  C:8587H         LINE#         5
  C:8587H         LINE#         6
  C:8587H         LINE#         7
  C:858AH         LINE#         8
  C:858DH         LINE#         9
  C:8590H         LINE#         10
  C:8593H         LINE#         11
  C:8596H         LINE#         13
  C:8598H         LINE#         14
  C:859AH         LINE#         15
  C:859CH         LINE#         16
  -------         ENDPROC       UART_INIT
  -------         PROC          _UART_CMD
  D:0007H         SYMBOL        ensta
  C:8632H         LINE#         18
  C:8632H         LINE#         19
  C:8632H         LINE#         20
  C:8637H         LINE#         21
  C:8639H         LINE#         22
  -------         ENDPROC       _UART_CMD
  -------         PROC          _UART_SENDDATA
  D:0007H         SYMBOL        dat
  C:85F6H         LINE#         24
  C:85F6H         LINE#         25
  C:85F6H         LINE#         26
  C:85F8H         LINE#         27
  C:85FAH         LINE#         28
  C:85FCH         LINE#         29
  C:85FFH         LINE#         30
  C:8601H         LINE#         31
  C:8603H         LINE#         32
  -------         ENDPROC       _UART_SENDDATA
  -------         PROC          _UART_SENDSTRING
  X:0349H         SYMBOL        pbuf
  C:834DH         LINE#         34
  C:8358H         LINE#         35
  C:8358H         LINE#         36
BL51 BANKED LINKER/LOCATER V6.22.2.0                                                  12/25/2019  12:50:41  PAGE 17


  C:8369H         LINE#         37
  C:8369H         LINE#         38
  C:836CH         LINE#         39
  C:8373H         LINE#         40
  C:837DH         LINE#         41
  C:837FH         LINE#         42
  -------         ENDPROC       _UART_SENDSTRING
  -------         PROC          UART_IRQN
  -------         DO            
  D:0007H         SYMBOL        r
  -------         ENDDO         
  C:7CF9H         LINE#         52
  C:7D08H         LINE#         56
  C:7D0BH         LINE#         57
  C:7D0BH         LINE#         58
  C:7D0DH         LINE#         59
  C:7D0FH         LINE#         60
  C:7D18H         LINE#         61
  C:7D18H         LINE#         62
  C:7D1BH         LINE#         63
  C:7D1BH         LINE#         64
  C:7D25H         LINE#         65
  C:7D28H         LINE#         66
  C:7D2AH         LINE#         68
  C:7D2AH         LINE#         69
  C:7D3BH         LINE#         71
  C:7D3BH         LINE#         72
  C:7D4FH         LINE#         73
  C:7D5DH         LINE#         74
  C:7D70H         LINE#         75
  C:7D70H         LINE#         76
  C:7D70H         LINE#         77
  C:7D70H         LINE#         78
  C:7D70H         LINE#         79
  -------         ENDPROC       UART_IRQN
  -------         ENDMOD        UART

  -------         MODULE        TFTLCD
  C:0000H         SYMBOL        _ICE_DUMMY_
  D:0080H         PUBLIC        P0
  D:0090H         PUBLIC        P1
  X:02D6H         PUBLIC        tftlcd_data
  D:00A0H         PUBLIC        P2
  C:67E0H         PUBLIC        _LCD_ShowxNum
  D:00B0H         PUBLIC        P3
  C:7310H         PUBLIC        _LCD_ShowNum
  D:00A8H         PUBLIC        IE
  C:8037H         PUBLIC        _LCD_Display_Dir
  C:6431H         PUBLIC        _LCD_ShowFontHZ
  D:00B8H         PUBLIC        IP
  C:7D7DH         PUBLIC        _LCD_Clear
  C:6D6BH         PUBLIC        _LCD_Color_Fill
  C:8439H         PUBLIC        _LCD_WriteData_Color
  C:8513H         PUBLIC        LCD_ReadData
  C:5258H         PUBLIC        _LCD_DrawLine_Color
  C:8128H         PUBLIC        _LCD_DrawFRONT_COLOR
  D:0098H         PUBLIC        SCON
BL51 BANKED LINKER/LOCATER V6.22.2.0                                                  12/25/2019  12:50:41  PAGE 18


  D:0088H         PUBLIC        TCON
  C:0A97H         PUBLIC        ascii_2412
  C:0033H         PUBLIC        ascii_1206
  C:66B3H         PUBLIC        _LCD_ShowPicture
  C:45C7H         PUBLIC        TFTLCD_Init
  C:04A7H         PUBLIC        ascii_1608
  C:7657H         PUBLIC        _LCD_Fill
  C:7B57H         PUBLIC        _LCD_Set_Window
  C:83BBH         PUBLIC        _LCD_WriteData
  C:74BEH         PUBLIC        _LCD_ReadPoint
  B:00B0H.3       PUBLIC        TFT_RST
  C:5069H         PUBLIC        _LCD_DrawLine
  C:8205H         PUBLIC        _LCD_DrawPoint
  C:722BH         PUBLIC        _LCD_ShowString
  C:85B8H         PUBLIC        _LCD_WriteCmdData
  C:5ED3H         PUBLIC        _LCD_ShowChar
  C:8410H         PUBLIC        _LCD_WriteCmd
  C:7A14H         PUBLIC        _LCD_DrawRectangle
  B:00B0H.2       PUBLIC        TFT_RD
  B:00A0H.7       PUBLIC        TFT_CS
  C:704EH         PUBLIC        _LCD_DrowSign
  C:7EF9H         PUBLIC        _LCD_DrawBigPoint
  D:00C8H         PUBLIC        T2CON
  C:8090H         PUBLIC        _LCD_Pow
  X:02DDH         PUBLIC        FRONT_COLOR
  C:0003H         PUBLIC        _Delay
  X:02DFH         PUBLIC        BACK_COLOR
  B:00A0H.6       PUBLIC        TFT_RS
  B:00A0H.5       PUBLIC        TFT_WR
  C:562EH         PUBLIC        _LCD_Draw_Circle
  D:00D0H         PUBLIC        PSW
  C:17F3H         PUBLIC        CnChar32x29
  -------         PROC          _DELAY
  D:0006H         SYMBOL        dly
  -------         DO            
  D:0004H         SYMBOL        i
  D:0002H         SYMBOL        j
  -------         ENDDO         
  C:0003H         LINE#         14
  C:0003H         LINE#         15
  C:0003H         LINE#         18
  C:000DH         LINE#         19
  C:0021H         LINE#         20
  -------         ENDPROC       _DELAY
  -------         PROC          L?0197
  -------         ENDPROC       L?0197
  -------         PROC          _LCD_WRITECMD
  D:0004H         SYMBOL        cmd
  -------         DO            
  D:0007H         SYMBOL        cmdH
  D:0006H         SYMBOL        cmdL
  -------         ENDDO         
  C:8410H         LINE#         23
  C:8414H         LINE#         24
  C:8414H         LINE#         27
  C:8416H         LINE#         28
  C:8418H         LINE#         31
BL51 BANKED LINKER/LOCATER V6.22.2.0                                                  12/25/2019  12:50:41  PAGE 19


  C:841AH         LINE#         32
  C:841CH         LINE#         34
  C:841EH         LINE#         35
  C:8420H         LINE#         38
  C:8422H         LINE#         39
  C:8424H         LINE#         41
  C:8426H         LINE#         42
  C:842AH         LINE#         43
  C:842CH         LINE#         44
  C:842EH         LINE#         46
  C:8430H         LINE#         94
  -------         ENDPROC       _LCD_WRITECMD
  C:83AEH         SYMBOL        L?0184
  C:83B0H         SYMBOL        L?0185
  C:83B6H         SYMBOL        L?0186
  -------         PROC          L?0183
  -------         ENDPROC       L?0183
  C:83AEH         SYMBOL        L?0184
  C:83B0H         SYMBOL        L?0185
  C:83B6H         SYMBOL        L?0186
  -------         PROC          _LCD_WRITEDATA
  D:0004H         SYMBOL        dat
  -------         DO            
  D:0007H         SYMBOL        datH
  D:0006H         SYMBOL        datL
  -------         ENDDO         
  C:83BBH         LINE#         98
  C:83BFH         LINE#         99
  C:83BFH         LINE#         102
  C:83C1H         LINE#         103
  C:83C3H         LINE#         105
  C:83C5H         LINE#         106
  C:83C7H         LINE#         108
  C:83C9H         LINE#         109
  C:83CBH         LINE#         112
  C:83CDH         LINE#         113
  C:83CFH         LINE#         114
  C:83D1H         LINE#         116
  C:83D5H         LINE#         118
  C:83D7H         LINE#         119
  C:83D9H         LINE#         121
  C:83DBH         LINE#         168
  -------         ENDPROC       _LCD_WRITEDATA
  C:8431H         SYMBOL        L?0191
  C:8434H         SYMBOL        L?0192
  -------         PROC          L?0190
  -------         ENDPROC       L?0190
  C:8431H         SYMBOL        L?0191
  C:8434H         SYMBOL        L?0192
  -------         PROC          _LCD_WRITEDATA_COLOR
  D:0004H         SYMBOL        color
  -------         DO            
  D:0007H         SYMBOL        datH
  D:0006H         SYMBOL        datL
  -------         ENDDO         
  C:8439H         LINE#         170
  C:843DH         LINE#         171
BL51 BANKED LINKER/LOCATER V6.22.2.0                                                  12/25/2019  12:50:41  PAGE 20


  C:843DH         LINE#         174
  C:843FH         LINE#         175
  C:8441H         LINE#         177
  C:8443H         LINE#         178
  C:8445H         LINE#         180
  C:8447H         LINE#         181
  C:8449H         LINE#         184
  C:844BH         LINE#         185
  C:844DH         LINE#         186
  C:844FH         LINE#         188
  C:8453H         LINE#         190
  C:8455H         LINE#         191
  C:8457H         LINE#         193
  C:8459H         LINE#         240
  -------         ENDPROC       _LCD_WRITEDATA_COLOR
  -------         PROC          L?0199
  -------         ENDPROC       L?0199
  -------         PROC          _LCD_WRITECMDDATA
  D:0006H         SYMBOL        cmd
  D:0002H         SYMBOL        dat
  C:85B8H         LINE#         242
  C:85BCH         LINE#         243
  C:85BCH         LINE#         244
  C:85BFH         LINE#         245
  -------         ENDPROC       _LCD_WRITECMDDATA
  -------         PROC          LCD_READDATA
  -------         DO            
  D:0006H         SYMBOL        ram
  -------         ENDDO         
  C:8513H         LINE#         250
  C:8513H         LINE#         251
  C:8513H         LINE#         254
  C:8516H         LINE#         255
  C:8519H         LINE#         259
  C:851BH         LINE#         260
  C:851DH         LINE#         261
  C:851FH         LINE#         262
  C:8520H         LINE#         263
  C:8522H         LINE#         264
  C:8524H         LINE#         266
  C:8526H         LINE#         267
  C:8528H         LINE#         268
  C:8529H         LINE#         269
  C:852DH         LINE#         270
  C:852FH         LINE#         271
  C:8531H         LINE#         325
  C:8531H         LINE#         326
  -------         ENDPROC       LCD_READDATA
  -------         PROC          _LCD_DISPLAY_DIR
  D:0007H         SYMBOL        dir
  C:8037H         LINE#         330
  C:8037H         LINE#         331
  C:8037H         LINE#         333
  C:803AH         LINE#         334
  C:803AH         LINE#         336
  C:8043H         LINE#         337
  C:8048H         LINE#         360
BL51 BANKED LINKER/LOCATER V6.22.2.0                                                  12/25/2019  12:50:41  PAGE 21


  C:8051H         LINE#         361
  C:805AH         LINE#         363
  C:805FH         LINE#         364
  C:8060H         LINE#         366
  C:8060H         LINE#         369
  C:806BH         LINE#         370
  C:8070H         LINE#         394
  C:8079H         LINE#         395
  C:8082H         LINE#         397
  C:8088H         LINE#         398
  C:8088H         LINE#         399
  -------         ENDPROC       _LCD_DISPLAY_DIR
  -------         PROC          TFTLCD_INIT
  C:45C7H         LINE#         402
  C:45C7H         LINE#         403
  C:45C7H         LINE#         404
  C:45C9H         LINE#         405
  C:45D0H         LINE#         407
  C:45D2H         LINE#         408
  C:45D9H         LINE#         410
  C:45DBH         LINE#         411
  C:45E2H         LINE#         414
  C:45E8H         LINE#         415
  C:45F3H         LINE#         437
  C:4604H         LINE#         442
  C:4611H         LINE#         443
  C:4618H         LINE#         444
  C:461DH         LINE#         445
  C:4622H         LINE#         446
  C:4630H         LINE#         447
  C:4637H         LINE#         448
  C:4645H         LINE#         449
  C:4653H         LINE#         450
  C:4661H         LINE#         452
  C:466FH         LINE#         453
  C:467DH         LINE#         454
  C:468BH         LINE#         455
  C:4699H         LINE#         456
  C:46A7H         LINE#         457
  C:46B5H         LINE#         458
  C:46BCH         LINE#         461
  C:46C8H         LINE#         462
  C:46D6H         LINE#         463
  C:46E4H         LINE#         465
  C:46F2H         LINE#         466
  C:4700H         LINE#         467
  C:470DH         LINE#         468
  C:471BH         LINE#         470
  C:4728H         LINE#         471
  C:4735H         LINE#         472
  C:4742H         LINE#         485
  C:474FH         LINE#         486
  C:475DH         LINE#         487
  C:476AH         LINE#         488
  C:4778H         LINE#         490
  C:4786H         LINE#         491
  C:4793H         LINE#         493
BL51 BANKED LINKER/LOCATER V6.22.2.0                                                  12/25/2019  12:50:41  PAGE 22


  C:47A0H         LINE#         494
  C:47AEH         LINE#         495
  C:47BCH         LINE#         496
  C:47CAH         LINE#         497
  C:47D8H         LINE#         498
  C:47E6H         LINE#         500
  C:47F4H         LINE#         501
  C:47FBH         LINE#         505
  C:4800H         LINE#         750
  C:4805H         LINE#         751
  -------         ENDPROC       TFTLCD_INIT
  C:7B52H         SYMBOL        L?0194
  -------         PROC          L?0193
  -------         ENDPROC       L?0193
  C:7B52H         SYMBOL        L?0194
  -------         PROC          _LCD_SET_WINDOW
  X:007AH         SYMBOL        sx
  X:007CH         SYMBOL        sy
  D:0002H         SYMBOL        width
  X:0080H         SYMBOL        height
  C:7B57H         LINE#         758
  C:7B65H         LINE#         759
  C:7B65H         LINE#         761
  C:7B6BH         LINE#         762
  C:7B6BH         LINE#         763
  C:7B6EH         LINE#         764
  C:7B71H         LINE#         765
  C:7B78H         LINE#         766
  C:7B7FH         LINE#         767
  C:7B86H         LINE#         768
  C:7B8AH         LINE#         769
  C:7B91H         LINE#         770
  C:7B97H         LINE#         772
  C:7B99H         LINE#         773
  C:7B9CH         LINE#         774
  C:7B9EH         LINE#         775
  C:7B9EH         LINE#         777
  C:7B9EH         LINE#         779
  C:7BA0H         LINE#         781
  C:7BA0H         LINE#         782
  C:7BA2H         LINE#         783
  C:7BA5H         LINE#         784
  C:7BACH         LINE#         785
  C:7BB3H         LINE#         786
  C:7BBAH         LINE#         787
  C:7BBEH         LINE#         788
  C:7BC5H         LINE#         789
  C:7BCBH         LINE#         791
  C:7BCDH         LINE#         792
  C:7BD0H         LINE#         793
  C:7BD7H         LINE#         794
  C:7BDBH         LINE#         796
  C:7BE2H         LINE#         797
  C:7BE2H         LINE#         904
  -------         ENDPROC       _LCD_SET_WINDOW
  -------         PROC          _LCD_READPOINT
  X:0308H         SYMBOL        x
BL51 BANKED LINKER/LOCATER V6.22.2.0                                                  12/25/2019  12:50:41  PAGE 23


  X:030AH         SYMBOL        y
  -------         DO            
  D:0004H         SYMBOL        r
  X:030CH         SYMBOL        g
  X:030EH         SYMBOL        b
  D:0002H         SYMBOL        dat
  -------         ENDDO         
  C:74BEH         LINE#         909
  C:74CCH         LINE#         910
  C:74CCH         LINE#         911
  C:74D8H         LINE#         912
  C:7506H         LINE#         913
  C:7529H         LINE#         919
  C:7530H         LINE#         920
  C:7537H         LINE#         923
  C:7546H         LINE#         924
  C:755BH         LINE#         925
  C:7561H         LINE#         926
  C:7587H         LINE#         928
  C:7589H         LINE#         959
  C:758CH         LINE#         960
  -------         ENDPROC       _LCD_READPOINT
  -------         PROC          _LCD_CLEAR
  X:0000H         SYMBOL        color
  -------         DO            
  D:0002H         SYMBOL        i
  X:0002H         SYMBOL        j
  -------         ENDDO         
  C:7D7DH         LINE#         964
  C:7D85H         LINE#         965
  C:7D85H         LINE#         966
  C:7D8AH         LINE#         968
  C:7DB4H         LINE#         969
  C:7DC4H         LINE#         970
  C:7DC4H         LINE#         971
  C:7DE0H         LINE#         972
  C:7DE0H         LINE#         973
  C:7DE6H         LINE#         974
  C:7DF6H         LINE#         975
  C:7DFDH         LINE#         976
  -------         ENDPROC       _LCD_CLEAR
  -------         PROC          _LCD_FILL
  X:0042H         SYMBOL        xState
  X:0044H         SYMBOL        yState
  X:0046H         SYMBOL        xEnd
  X:0048H         SYMBOL        yEnd
  X:004AH         SYMBOL        color
  -------         DO            
  X:004CH         SYMBOL        temp
  -------         ENDDO         
  C:7657H         LINE#         981
  C:766FH         LINE#         982
  C:766FH         LINE#         983
  C:7676H         LINE#         985
  C:7698H         LINE#         986
  C:7698H         LINE#         988
  C:7698H         LINE#         989
BL51 BANKED LINKER/LOCATER V6.22.2.0                                                  12/25/2019  12:50:41  PAGE 24


  C:76ACH         LINE#         990
  C:76CDH         LINE#         991
  C:76ECH         LINE#         993
  C:76FAH         LINE#         994
  C:76FAH         LINE#         995
  C:7709H         LINE#         996
  C:7717H         LINE#         997
  C:7717H         LINE#         998
  C:771DH         LINE#         999
  C:771FH         LINE#         1000
  C:771FH         LINE#         1001
  -------         ENDPROC       _LCD_FILL
  -------         PROC          _LCD_COLOR_FILL
  X:0221H         SYMBOL        sx
  X:0223H         SYMBOL        sy
  D:0002H         SYMBOL        ex
  X:0227H         SYMBOL        ey
  X:0229H         SYMBOL        color
  -------         DO            
  X:022CH         SYMBOL        height
  X:022EH         SYMBOL        width
  X:0230H         SYMBOL        i
  X:0232H         SYMBOL        j
  -------         ENDDO         
  C:6D6BH         LINE#         1006
  C:6D79H         LINE#         1007
  C:6D79H         LINE#         1010
  C:6D94H         LINE#         1011
  C:6DB5H         LINE#         1012
  C:6DD2H         LINE#         1013
  C:6DEEH         LINE#         1014
  C:6DEEH         LINE#         1015
  C:6E0BH         LINE#         1016
  C:6E0BH         LINE#         1017
  C:6E41H         LINE#         1018
  C:6E51H         LINE#         1019
  C:6E62H         LINE#         1020
  -------         ENDPROC       _LCD_COLOR_FILL
  C:81F2H         SYMBOL        L?0188
  C:81F3H         SYMBOL        L?0189
  -------         PROC          L?0187
  -------         ENDPROC       L?0187
  C:81F2H         SYMBOL        L?0188
  C:81F3H         SYMBOL        L?0189
  -------         PROC          _LCD_DRAWPOINT
  D:0002H         SYMBOL        x
  D:0082H         SYMBOL        y
  C:8205H         LINE#         1025
  C:820DH         LINE#         1026
  C:820DH         LINE#         1027
  C:8224H         LINE#         1028
  -------         ENDPROC       _LCD_DRAWPOINT
  C:8123H         SYMBOL        L?0196
  -------         PROC          L?0195
  -------         ENDPROC       L?0195
  C:8123H         SYMBOL        L?0196
  -------         PROC          _LCD_DRAWFRONT_COLOR
BL51 BANKED LINKER/LOCATER V6.22.2.0                                                  12/25/2019  12:50:41  PAGE 25


  X:0074H         SYMBOL        x
  X:0076H         SYMBOL        y
  X:0078H         SYMBOL        color
  C:8128H         LINE#         1034
  C:8140H         LINE#         1035
  C:8140H         LINE#         1036
  C:815FH         LINE#         1037
  -------         ENDPROC       _LCD_DRAWFRONT_COLOR
  -------         PROC          _LCD_DRAWBIGPOINT
  X:0328H         SYMBOL        x
  X:032AH         SYMBOL        y
  X:032CH         SYMBOL        color
  C:7EF9H         LINE#         1042
  C:7F0DH         LINE#         1043
  C:7F0DH         LINE#         1044
  C:7F10H         LINE#         1045
  C:7F29H         LINE#         1046
  C:7F45H         LINE#         1047
  -------         ENDPROC       _LCD_DRAWBIGPOINT
  -------         PROC          _LCD_DRAWLINE
  X:0194H         SYMBOL        x1
  X:0196H         SYMBOL        y1
  D:0002H         SYMBOL        x2
  X:019AH         SYMBOL        y2
  -------         DO            
  X:019CH         SYMBOL        t
  X:019EH         SYMBOL        xerr
  X:01A0H         SYMBOL        yerr
  X:01A2H         SYMBOL        delta_x
  X:01A4H         SYMBOL        delta_y
  X:01A6H         SYMBOL        distance
  X:01A8H         SYMBOL        incx
  X:01AAH         SYMBOL        incy
  X:01ACH         SYMBOL        uRow
  X:01AEH         SYMBOL        uCol
  -------         ENDDO         
  C:5069H         LINE#         1053
  C:5077H         LINE#         1054
  C:5077H         LINE#         1055
  C:507EH         LINE#         1056
  C:5086H         LINE#         1058
  C:509BH         LINE#         1059
  C:50B6H         LINE#         1060
  C:50C5H         LINE#         1061
  C:50CBH         LINE#         1062
  C:50E7H         LINE#         1063
  C:50F3H         LINE#         1064
  C:5108H         LINE#         1065
  C:5124H         LINE#         1066
  C:5130H         LINE#         1067
  C:5145H         LINE#         1068
  C:516BH         LINE#         1069
  C:5170H         LINE#         1070
  C:5195H         LINE#         1071
  C:5195H         LINE#         1072
  C:51A6H         LINE#         1073
  C:51BAH         LINE#         1074
BL51 BANKED LINKER/LOCATER V6.22.2.0                                                  12/25/2019  12:50:41  PAGE 26


  C:51CEH         LINE#         1075
  C:51EAH         LINE#         1076
  C:51EAH         LINE#         1077
  C:51F6H         LINE#         1078
  C:520AH         LINE#         1079
  C:520AH         LINE#         1080
  C:5226H         LINE#         1081
  C:5226H         LINE#         1082
  C:5232H         LINE#         1083
  C:5246H         LINE#         1084
  C:5246H         LINE#         1085
  C:5257H         LINE#         1086
  -------         ENDPROC       _LCD_DRAWLINE
  -------         PROC          _LCD_DRAWLINE_COLOR
  X:013AH         SYMBOL        x1
  X:013CH         SYMBOL        y1
  D:0002H         SYMBOL        x2
  X:0140H         SYMBOL        y2
  X:0142H         SYMBOL        color
  -------         DO            
  X:0144H         SYMBOL        t
  X:0146H         SYMBOL        xerr
  X:0148H         SYMBOL        yerr
  X:014AH         SYMBOL        delta_x
  X:014CH         SYMBOL        delta_y
  X:014EH         SYMBOL        distance
  X:0150H         SYMBOL        incx
  X:0152H         SYMBOL        incy
  X:0154H         SYMBOL        uRow
  X:0156H         SYMBOL        uCol
  -------         ENDDO         
  C:5258H         LINE#         1088
  C:5266H         LINE#         1089
  C:5266H         LINE#         1091
  C:5271H         LINE#         1093
  C:5286H         LINE#         1094
  C:52A1H         LINE#         1095
  C:52B0H         LINE#         1096
  C:52B6H         LINE#         1097
  C:52D2H         LINE#         1098
  C:52DEH         LINE#         1099
  C:52F3H         LINE#         1100
  C:530FH         LINE#         1101
  C:531BH         LINE#         1102
  C:5330H         LINE#         1103
  C:5356H         LINE#         1104
  C:535BH         LINE#         1105
  C:5380H         LINE#         1106
  C:5380H         LINE#         1107
  C:5393H         LINE#         1108
  C:53A7H         LINE#         1109
  C:53BBH         LINE#         1110
  C:53D7H         LINE#         1111
  C:53D7H         LINE#         1112
  C:53E3H         LINE#         1113
  C:53F7H         LINE#         1114
  C:53F7H         LINE#         1115
BL51 BANKED LINKER/LOCATER V6.22.2.0                                                  12/25/2019  12:50:41  PAGE 27


  C:5413H         LINE#         1116
  C:5413H         LINE#         1117
  C:541FH         LINE#         1118
  C:5433H         LINE#         1119
  C:5433H         LINE#         1120
  C:5444H         LINE#         1121
  -------         ENDPROC       _LCD_DRAWLINE_COLOR
  -------         PROC          _LCD_DROWSIGN
  X:032EH         SYMBOL        x
  X:0330H         SYMBOL        y
  X:0332H         SYMBOL        color
  -------         DO            
  D:0003H         SYMBOL        i
  -------         ENDDO         
  C:704EH         LINE#         1128
  C:7066H         LINE#         1129
  C:7066H         LINE#         1133
  C:70A0H         LINE#         1134
  C:70ACH         LINE#         1135
  C:70ACH         LINE#         1136
  C:70AFH         LINE#         1137
  C:70B2H         LINE#         1140
  C:70ECH         LINE#         1141
  C:70F8H         LINE#         1142
  C:70F8H         LINE#         1143
  C:70FBH         LINE#         1144
  C:70FEH         LINE#         1147
  C:712BH         LINE#         1148
  C:7137H         LINE#         1149
  C:7137H         LINE#         1150
  C:713AH         LINE#         1151
  C:713DH         LINE#         1152
  -------         ENDPROC       _LCD_DROWSIGN
  -------         PROC          _LCD_DRAWRECTANGLE
  X:0310H         SYMBOL        x1
  X:0312H         SYMBOL        y1
  X:0314H         SYMBOL        x2
  X:0316H         SYMBOL        y2
  C:7A14H         LINE#         1156
  C:7A2AH         LINE#         1157
  C:7A2AH         LINE#         1158
  C:7A46H         LINE#         1159
  C:7A6DH         LINE#         1160
  C:7A95H         LINE#         1161
  -------         ENDPROC       _LCD_DRAWRECTANGLE
  -------         PROC          _LCD_DRAW_CIRCLE
  X:02E1H         SYMBOL        x0
  X:02E3H         SYMBOL        y0
  D:0003H         SYMBOL        r
  -------         DO            
  X:02E5H         SYMBOL        a
  X:02E7H         SYMBOL        b
  X:02E9H         SYMBOL        di
  -------         ENDDO         
  C:562EH         LINE#         1166
  C:563CH         LINE#         1167
  C:563CH         LINE#         1170
BL51 BANKED LINKER/LOCATER V6.22.2.0                                                  12/25/2019  12:50:41  PAGE 28


  C:564BH         LINE#         1171
  C:565FH         LINE#         1172
  C:567EH         LINE#         1173
  C:567EH         LINE#         1174
  C:568CH         LINE#         1175
  C:56A5H         LINE#         1176
  C:56D0H         LINE#         1177
  C:56FBH         LINE#         1178
  C:5727H         LINE#         1179
  C:5753H         LINE#         1180
  C:576AH         LINE#         1181
  C:5785H         LINE#         1182
  C:5793H         LINE#         1184
  C:57C3H         LINE#         1186
  C:57C3H         LINE#         1187
  C:57F4H         LINE#         1188
  C:5802H         LINE#         1189
  C:5802H         LINE#         1190
  C:5805H         LINE#         1191
  -------         ENDPROC       _LCD_DRAW_CIRCLE
  -------         PROC          _LCD_SHOWCHAR
  X:0026H         SYMBOL        x
  X:0028H         SYMBOL        y
  X:002AH         SYMBOL        num
  X:002BH         SYMBOL        size
  X:002CH         SYMBOL        mode
  -------         DO            
  X:002DH         SYMBOL        temp
  X:002EH         SYMBOL        t1
  D:0001H         SYMBOL        t
  X:002FH         SYMBOL        y0
  X:0031H         SYMBOL        csize
  -------         ENDDO         
  C:5ED3H         LINE#         1199
  C:5EE8H         LINE#         1200
  C:5EE8H         LINE#         1202
  C:5EF0H         LINE#         1203
  C:5F18H         LINE#         1204
  C:5F1FH         LINE#         1205
  C:5F2EH         LINE#         1206
  C:5F2EH         LINE#         1207
  C:5F4BH         LINE#         1208
  C:5F63H         LINE#         1209
  C:5F90H         LINE#         1211
  C:5FA5H         LINE#         1212
  C:5FA5H         LINE#         1213
  C:5FBFH         LINE#         1214
  C:5FD9H         LINE#         1215
  C:5FE0H         LINE#         1216
  C:5FEEH         LINE#         1217
  C:6004H         LINE#         1218
  C:6020H         LINE#         1219
  C:6020H         LINE#         1220
  C:6028H         LINE#         1221
  C:6036H         LINE#         1222
  C:604CH         LINE#         1223
  C:604CH         LINE#         1224
BL51 BANKED LINKER/LOCATER V6.22.2.0                                                  12/25/2019  12:50:41  PAGE 29


  C:604CH         LINE#         1225
  C:6055H         LINE#         1226
  C:6059H         LINE#         1227
  -------         ENDPROC       _LCD_SHOWCHAR
  -------         PROC          L?0198
  -------         ENDPROC       L?0198
  -------         PROC          _LCD_POW
  X:0334H         SYMBOL        m
  X:0335H         SYMBOL        n
  -------         DO            
  X:0336H         SYMBOL        result
  -------         ENDDO         
  C:8090H         LINE#         1230
  C:8098H         LINE#         1231
  C:8098H         LINE#         1232
  C:80A0H         LINE#         1233
  C:80CAH         LINE#         1234
  C:80D8H         LINE#         1235
  -------         ENDPROC       _LCD_POW
  -------         PROC          _LCD_SHOWNUM
  X:0296H         SYMBOL        x
  X:0298H         SYMBOL        y
  X:029AH         SYMBOL        num
  X:029EH         SYMBOL        len
  X:029FH         SYMBOL        size
  -------         DO            
  X:02A0H         SYMBOL        t
  X:02A1H         SYMBOL        temp
  X:02A2H         SYMBOL        enshow
  -------         ENDDO         
  C:7310H         LINE#         1242
  C:731EH         LINE#         1243
  C:731EH         LINE#         1245
  C:7323H         LINE#         1246
  C:7338H         LINE#         1247
  C:7338H         LINE#         1248
  C:7362H         LINE#         1249
  C:7375H         LINE#         1250
  C:7375H         LINE#         1251
  C:7379H         LINE#         1252
  C:7379H         LINE#         1253
  C:73A3H         LINE#         1254
  C:73A5H         LINE#         1255
  C:73ABH         LINE#         1257
  C:73ABH         LINE#         1258
  C:73E2H         LINE#         1259
  C:73EBH         LINE#         1260
  -------         ENDPROC       _LCD_SHOWNUM
  -------         PROC          _LCD_SHOWXNUM
  X:027AH         SYMBOL        x
  X:027CH         SYMBOL        y
  X:027EH         SYMBOL        num
  X:0282H         SYMBOL        len
  X:0283H         SYMBOL        size
  X:0284H         SYMBOL        mode
  -------         DO            
  X:0285H         SYMBOL        t
BL51 BANKED LINKER/LOCATER V6.22.2.0                                                  12/25/2019  12:50:41  PAGE 30


  X:0286H         SYMBOL        temp
  X:0287H         SYMBOL        enshow
  -------         ENDDO         
  C:67E0H         LINE#         1271
  C:67EEH         LINE#         1272
  C:67EEH         LINE#         1274
  C:67F3H         LINE#         1275
  C:6808H         LINE#         1276
  C:6808H         LINE#         1277
  C:6832H         LINE#         1278
  C:6848H         LINE#         1279
  C:6848H         LINE#         1280
  C:684CH         LINE#         1281
  C:684CH         LINE#         1282
  C:6882H         LINE#         1283
  C:68B7H         LINE#         1284
  C:68B9H         LINE#         1285
  C:68BFH         LINE#         1287
  C:68BFH         LINE#         1288
  C:68FFH         LINE#         1289
  C:6908H         LINE#         1290
  -------         ENDPROC       _LCD_SHOWXNUM
  -------         PROC          _LCD_SHOWSTRING
  X:0019H         SYMBOL        x
  X:001BH         SYMBOL        y
  X:001DH         SYMBOL        width
  X:001FH         SYMBOL        height
  X:0021H         SYMBOL        size
  X:0022H         SYMBOL        p
  -------         DO            
  X:0025H         SYMBOL        x0
  -------         ENDDO         
  C:722BH         LINE#         1296
  C:723FH         LINE#         1297
  C:723FH         LINE#         1298
  C:724BH         LINE#         1299
  C:7257H         LINE#         1300
  C:726BH         LINE#         1301
  C:728BH         LINE#         1302
  C:728BH         LINE#         1303
  C:72BEH         LINE#         1304
  C:72D4H         LINE#         1305
  C:72EEH         LINE#         1306
  C:7302H         LINE#         1307
  C:730CH         LINE#         1308
  C:730FH         LINE#         1309
  -------         ENDPROC       _LCD_SHOWSTRING
  -------         PROC          _LCD_SHOWFONTHZ
  X:02EBH         SYMBOL        x
  X:02EDH         SYMBOL        y
  X:02EFH         SYMBOL        cn
  -------         DO            
  D:0003H         SYMBOL        i
  D:0002H         SYMBOL        j
  X:02F2H         SYMBOL        wordNum
  X:02F3H         SYMBOL        color
  -------         ENDDO         
BL51 BANKED LINKER/LOCATER V6.22.2.0                                                  12/25/2019  12:50:41  PAGE 31


  C:6431H         LINE#         1322
  C:6448H         LINE#         1323
  C:6448H         LINE#         1326
  C:645BH         LINE#         1327
  C:645BH         LINE#         1328
  C:6491H         LINE#         1329
  C:64A7H         LINE#         1330
  C:64A7H         LINE#         1331
  C:64EBH         LINE#         1333
  C:64EBH         LINE#         1335
  C:64F6H         LINE#         1336
  C:64F6H         LINE#         1337
  C:651DH         LINE#         1338
  C:6529H         LINE#         1339
  C:6529H         LINE#         1340
  C:6530H         LINE#         1341
  C:6530H         LINE#         1342
  C:6533H         LINE#         1343
  C:6535H         LINE#         1345
  C:6535H         LINE#         1346
  C:653BH         LINE#         1347
  C:653BH         LINE#         1348
  C:6548H         LINE#         1349
  C:654BH         LINE#         1350
  C:654EH         LINE#         1351
  C:654EH         LINE#         1352
  C:6557H         LINE#         1353
  C:6561H         LINE#         1354
  C:656FH         LINE#         1355
  C:6572H         LINE#         1356
  -------         ENDPROC       _LCD_SHOWFONTHZ
  -------         PROC          _LCD_SHOWPICTURE
  X:020CH         SYMBOL        x
  X:020EH         SYMBOL        y
  X:0210H         SYMBOL        wide
  X:0212H         SYMBOL        high
  X:0214H         SYMBOL        pic
  -------         DO            
  X:0217H         SYMBOL        temp
  X:0219H         SYMBOL        tmp
  X:021DH         SYMBOL        num
  -------         ENDDO         
  C:66B3H         LINE#         1410
  C:66C7H         LINE#         1411
  C:66C7H         LINE#         1412
  C:66CEH         LINE#         1413
  C:66E0H         LINE#         1414
  C:6727H         LINE#         1415
  C:674AH         LINE#         1417
  C:674AH         LINE#         1418
  C:6777H         LINE#         1419
  C:6780H         LINE#         1420
  C:679AH         LINE#         1421
  C:679DH         LINE#         1422
  C:67BAH         LINE#         1423
  C:67BAH         LINE#         1424
  C:67DFH         LINE#         1425
BL51 BANKED LINKER/LOCATER V6.22.2.0                                                  12/25/2019  12:50:41  PAGE 32


  -------         ENDPROC       _LCD_SHOWPICTURE
  -------         ENDMOD        TFTLCD

  -------         MODULE        TOUCH
  C:0000H         SYMBOL        _ICE_DUMMY_
  D:0090H         PUBLIC        P1
  D:00A0H         PUBLIC        P2
  D:00B0H         PUBLIC        P3
  D:00A8H         PUBLIC        IE
  D:00B8H         PUBLIC        IP
  B:00A0H.0       PUBLIC        TOUCH_DOUT
  X:02A3H         PUBLIC        xpt_xy
  C:82A7H         PUBLIC        TOUCH_SPI_Read
  D:0098H         PUBLIC        SCON
  D:0088H         PUBLIC        TCON
  C:5BA7H         PUBLIC        _TOUCH_XPT_ReadData
  B:00A0H.1       PUBLIC        TOUCH_CLK
  C:84A7H         PUBLIC        _TOUCH_SPI_Write
  B:00A0H.2       PUBLIC        TOUCH_DIN
  C:8627H         PUBLIC        TOUCH_SPI_Start
  D:00C8H         PUBLIC        T2CON
  C:6573H         PUBLIC        TOUCH_Scan
  C:6B4BH         PUBLIC        TOUCH_XPT_ReadXY
  D:00D0H         PUBLIC        PSW
  B:00A0H.3       PUBLIC        TOUCH_CS
  -------         PROC          TOUCH_SPI_START
  C:8627H         LINE#         9
  C:8627H         LINE#         10
  C:8627H         LINE#         11
  C:8629H         LINE#         12
  C:862BH         LINE#         13
  C:862DH         LINE#         14
  C:862FH         LINE#         15
  C:8631H         LINE#         16
  -------         ENDPROC       TOUCH_SPI_START
  -------         PROC          _TOUCH_SPI_WRITE
  D:0007H         SYMBOL        dat
  -------         DO            
  D:0006H         SYMBOL        i
  -------         ENDDO         
  C:84A7H         LINE#         18
  C:84A7H         LINE#         19
  C:84A7H         LINE#         21
  C:84A9H         LINE#         22
  C:84B5H         LINE#         23
  C:84B5H         LINE#         24
  C:84C0H         LINE#         25
  C:84C4H         LINE#         26
  C:84C6H         LINE#         28
  C:84C8H         LINE#         30
  C:84CBH         LINE#         31
  -------         ENDPROC       _TOUCH_SPI_WRITE
  -------         PROC          TOUCH_SPI_READ
  -------         DO            
  D:0004H         SYMBOL        i
  X:003EH         SYMBOL        dat
  -------         ENDDO         
BL51 BANKED LINKER/LOCATER V6.22.2.0                                                  12/25/2019  12:50:41  PAGE 33


  C:82A7H         LINE#         33
  C:82A7H         LINE#         34
  C:82A7H         LINE#         35
  C:82AEH         LINE#         36
  C:82B0H         LINE#         37
  C:82B2H         LINE#         38
  C:82B2H         LINE#         39
  C:82BFH         LINE#         41
  C:82C1H         LINE#         42
  C:82C3H         LINE#         44
  C:82CEH         LINE#         46
  C:82D9H         LINE#         47
  C:82E1H         LINE#         48
  -------         ENDPROC       TOUCH_SPI_READ
  -------         PROC          L?0046
  -------         ENDPROC       L?0046
  -------         PROC          _TOUCH_XPT_READDATA
  D:0003H         SYMBOL        cmd
  -------         DO            
  X:0024H         SYMBOL        i
  X:0025H         SYMBOL        j
  X:0026H         SYMBOL        readValue
  X:003AH         SYMBOL        endValue
  -------         ENDDO         
  C:5BA7H         LINE#         52
  C:5BA9H         LINE#         53
  C:5BA9H         LINE#         58
  C:5BABH         LINE#         59
  C:5BADH         LINE#         61
  C:5BBFH         LINE#         62
  C:5BBFH         LINE#         63
  C:5BC4H         LINE#         65
  C:5BDAH         LINE#         66
  C:5BDCH         LINE#         67
  C:5BDDH         LINE#         68
  C:5BDEH         LINE#         69
  C:5BE0H         LINE#         70
  C:5BE1H         LINE#         71
  C:5BE2H         LINE#         73
  C:5BF9H         LINE#         74
[...]
  X:0278H         SYMBOL        temp
  X:0279H         SYMBOL        enshow
  -------         ENDDO         
  C:59DDH         LINE#         648
  C:59EEH         LINE#         649
  C:59EEH         LINE#         651
  C:59F3H         LINE#         652
  C:5A08H         LINE#         653
  C:5A08H         LINE#         654
  C:5A39H         LINE#         655
  C:5A52H         LINE#         656
  C:5A52H         LINE#         657
  C:5A59H         LINE#         658
  C:5A59H         LINE#         659
  C:5ABBH         LINE#         660
  C:5B17H         LINE#         661
  C:5B19H         LINE#         662
  C:5B1FH         LINE#         664
  C:5B1FH         LINE#         665
  C:5B96H         LINE#         666
  C:5B9FH         LINE#         667
  -------         ENDPROC       _GUI_SHOW_NUM
  -------         PROC          _GUI_NUM2STR
  X:02FFH         SYMBOL        str
  X:0302H         SYMBOL        num
  -------         DO            
  X:0306H         SYMBOL        t
  D:0007H         SYMBOL        temp
BL51 BANKED LINKER/LOCATER V6.22.2.0                                                  12/25/2019  12:50:41  PAGE 51


  X:0307H         SYMBOL        enrec
  -------         ENDDO         
  C:7966H         LINE#         672
  C:7975H         LINE#         673
  C:7975H         LINE#         675
  C:797AH         LINE#         676
  C:798CH         LINE#         677
  C:798CH         LINE#         678
  C:79BAH         LINE#         679
  C:79CDH         LINE#         680
  C:79CDH         LINE#         681
  C:79D0H         LINE#         682
  C:79D4H         LINE#         683
  C:79D4H         LINE#         684
  C:79E7H         LINE#         685
  C:79F1H         LINE#         686
  C:79F9H         LINE#         687
  C:7A08H         LINE#         688
  C:7A13H         LINE#         689
  -------         ENDPROC       _GUI_NUM2STR
  -------         PROC          _GUI_NUM2STREX
  X:02BDH         SYMBOL        n
  X:02BFH         SYMBOL        str
  -------         DO            
  D:0003H         SYMBOL        i
  X:02C2H         SYMBOL        j
  X:02C3H         SYMBOL        k
  X:02C4H         SYMBOL        s
  -------         ENDDO         
  C:758DH         LINE#         694
  C:759EH         LINE#         695
  C:759EH         LINE#         696
  C:75A4H         LINE#         700
  C:75A4H         LINE#         701
  C:75CCH         LINE#         702
  C:75CCH         LINE#         703
  C:75EDH         LINE#         704
  C:7604H         LINE#         705
  C:763CH         LINE#         706
  -------         ENDPROC       _GUI_NUM2STREX
  -------         PROC          _GUI_SHOW_PTSTR
  X:003AH         SYMBOL        x
  X:003CH         SYMBOL        y
  X:003EH         SYMBOL        xend
  X:0040H         SYMBOL        yend
  X:0042H         SYMBOL        offset
  X:0044H         SYMBOL        color
  X:0046H         SYMBOL        size
  X:0047H         SYMBOL        str
  X:004AH         SYMBOL        mode
  -------         DO            
  X:004BH         SYMBOL        bHz
  X:004CH         SYMBOL        EnDisp
  -------         ENDDO         
  C:437DH         LINE#         717
  C:4391H         LINE#         718
  C:4391H         LINE#         719
BL51 BANKED LINKER/LOCATER V6.22.2.0                                                  12/25/2019  12:50:41  PAGE 52


  C:4396H         LINE#         720
  C:4398H         LINE#         721
  C:43ACH         LINE#         722
  C:43ACH         LINE#         723
  C:43B5H         LINE#         724
  C:43B5H         LINE#         725
  C:43C4H         LINE#         727
  C:43C4H         LINE#         728
  C:43CAH         LINE#         729
  C:43CAH         LINE#         730
  C:43E1H         LINE#         731
  C:43E1H         LINE#         732
  C:43EEH         LINE#         733
  C:43F0H         LINE#         734
  C:43F0H         LINE#         735
  C:4407H         LINE#         736
  C:440DH         LINE#         737
  C:440DH         LINE#         738
  C:440DH         LINE#         739
  C:4418H         LINE#         740
  C:4418H         LINE#         741
  C:4480H         LINE#         742
  C:44B3H         LINE#         743
  C:44BBH         LINE#         744
  C:44C6H         LINE#         745
  C:44C6H         LINE#         746
  C:44D3H         LINE#         747
  C:44DAH         LINE#         748
  C:44DAH         LINE#         749
  C:44DAH         LINE#         750
  C:44F2H         LINE#         751
  C:44F9H         LINE#         752
  C:44F9H         LINE#         753
  C:44FCH         LINE#         754
  C:44FCH         LINE#         755
  C:4501H         LINE#         756
  C:4505H         LINE#         757
  C:4505H         LINE#         758
  C:451AH         LINE#         759
  C:451AH         LINE#         760
  C:4527H         LINE#         761
  C:4529H         LINE#         762
  C:4529H         LINE#         763
  C:4540H         LINE#         764
  C:4546H         LINE#         765
  C:4546H         LINE#         766
  C:4546H         LINE#         767
  C:454CH         LINE#         768
  C:454CH         LINE#         770
  C:457DH         LINE#         771
  C:4585H         LINE#         772
  C:4590H         LINE#         773
  C:4590H         LINE#         774
  C:459DH         LINE#         775
  C:45A4H         LINE#         776
  C:45A4H         LINE#         777
  C:45A4H         LINE#         778
BL51 BANKED LINKER/LOCATER V6.22.2.0                                                  12/25/2019  12:50:41  PAGE 53


  C:45B9H         LINE#         779
  C:45C3H         LINE#         780
  C:45C3H         LINE#         781
  C:45C6H         LINE#         782
  -------         ENDPROC       _GUI_SHOW_PTSTR
  -------         PROC          _GUI_SHOW_PTSTRWHITERIM
  X:0247H         SYMBOL        x
  X:0249H         SYMBOL        y
  X:024BH         SYMBOL        xend
  X:024DH         SYMBOL        yend
  X:024FH         SYMBOL        offset
  X:0251H         SYMBOL        color
  X:0253H         SYMBOL        rimcolor
  X:0255H         SYMBOL        size
  X:0256H         SYMBOL        str
  C:73ECH         LINE#         792
  C:7400H         LINE#         793
  C:7400H         LINE#         794
  C:7457H         LINE#         795
  -------         ENDPROC       _GUI_SHOW_PTSTRWHITERIM
  -------         PROC          _GUI_GET_STRINGLINE
  X:02CAH         SYMBOL        str
  X:02CDH         SYMBOL        linelenth
  X:02CFH         SYMBOL        font
  -------         DO            
  X:02D0H         SYMBOL        xpos
  X:02D2H         SYMBOL        lincnt
  -------         ENDDO         
  C:5D4AH         LINE#         803
  C:5D5DH         LINE#         804
  C:5D5DH         LINE#         805
  C:5D64H         LINE#         806
  C:5D6CH         LINE#         807
  C:5D82H         LINE#         808
  C:5DB2H         LINE#         809
  C:5DB2H         LINE#         810
  C:5DD7H         LINE#         811
  C:5DD7H         LINE#         812
  C:5DE6H         LINE#         813
  C:5DEDH         LINE#         814
  C:5E0CH         LINE#         815
  C:5E13H         LINE#         816
  C:5E31H         LINE#         817
  C:5E31H         LINE#         818
  C:5E44H         LINE#         819
  C:5E4EH         LINE#         820
  C:5E66H         LINE#         821
  C:5E66H         LINE#         822
  C:5E66H         LINE#         823
  C:5E66H         LINE#         824
  C:5E66H         LINE#         825
  C:5E68H         LINE#         826
  C:5E68H         LINE#         827
  C:5E7DH         LINE#         828
  C:5E87H         LINE#         829
  C:5E9FH         LINE#         830
  C:5E9FH         LINE#         831
BL51 BANKED LINKER/LOCATER V6.22.2.0                                                  12/25/2019  12:50:41  PAGE 54


  C:5EA4H         LINE#         832
  C:5EC1H         LINE#         833
  C:5EC1H         LINE#         834
  C:5EC1H         LINE#         835
  C:5EC4H         LINE#         836
  C:5ED2H         LINE#         837
  -------         ENDPROC       _GUI_GET_STRINGLINE
  -------         PROC          _GUI_SHOW_STRING
  X:01F6H         SYMBOL        str
  X:01F9H         SYMBOL        x
  X:01FBH         SYMBOL        y
  X:01FDH         SYMBOL        width
  X:01FFH         SYMBOL        height
  X:0201H         SYMBOL        font
  X:0202H         SYMBOL        fcolor
  -------         DO            
  X:0204H         SYMBOL        xpos
  X:0206H         SYMBOL        ypos
  X:0208H         SYMBOL        endx
  X:020AH         SYMBOL        endy
  -------         ENDDO         
  C:4810H         LINE#         844
  C:4821H         LINE#         845
  C:4821H         LINE#         846
  C:4831H         LINE#         847
  C:4841H         LINE#         848
  C:485BH         LINE#         849
  C:4875H         LINE#         850
  C:488DH         LINE#         851
  C:48A1H         LINE#         852
  C:48A1H         LINE#         853
  C:48B7H         LINE#         854
  C:48B7H         LINE#         855
  C:48C6H         LINE#         856
  C:48CDH         LINE#         857
  C:48DCH         LINE#         858
  C:48EEH         LINE#         859
  C:490CH         LINE#         860
  C:490CH         LINE#         861
  C:4934H         LINE#         862
  C:4934H         LINE#         863
  C:4943H         LINE#         864
  C:494FH         LINE#         865
  C:494FH         LINE#         867
  C:4961H         LINE#         868
  C:4968H         LINE#         870
  C:496BH         LINE#         871
  C:496BH         LINE#         872
  C:4995H         LINE#         873
  C:4995H         LINE#         874
  C:49A4H         LINE#         875
  C:49B1H         LINE#         876
  C:49B1H         LINE#         877
  C:4A0BH         LINE#         878
  C:4A1FH         LINE#         879
  C:4A29H         LINE#         880
  C:4A29H         LINE#         881
BL51 BANKED LINKER/LOCATER V6.22.2.0                                                  12/25/2019  12:50:41  PAGE 55


  C:4A41H         LINE#         882
  C:4A41H         LINE#         883
  -------         ENDPROC       _GUI_SHOW_STRING
  -------         PROC          _GUI_SHOW_STRINGEX
  X:002DH         SYMBOL        x
  X:002FH         SYMBOL        y
  D:0002H         SYMBOL        width
  X:0033H         SYMBOL        height
  X:0035H         SYMBOL        fcolor
  X:0037H         SYMBOL        font
  X:0038H         SYMBOL        str
  X:003BH         SYMBOL        mode
  -------         DO            
  X:003CH         SYMBOL        xpos
  X:003EH         SYMBOL        ypos
  X:0040H         SYMBOL        endx
  X:0042H         SYMBOL        endy
  -------         ENDDO         
  C:4A42H         LINE#         891
  C:4A50H         LINE#         892
  C:4A50H         LINE#         893
  C:4A60H         LINE#         894
  C:4A6FH         LINE#         895
  C:4A7FH         LINE#         896
  C:4A9FH         LINE#         897
  C:4AB1H         LINE#         898
  C:4AC5H         LINE#         899
  C:4AC5H         LINE#         900
  C:4ADBH         LINE#         901
  C:4ADBH         LINE#         902
  C:4AEAH         LINE#         903
  C:4AF1H         LINE#         904
  C:4B00H         LINE#         905
  C:4B12H         LINE#         906
  C:4B30H         LINE#         907
  C:4B30H         LINE#         908
  C:4B58H         LINE#         909
  C:4B58H         LINE#         910
  C:4B67H         LINE#         911
  C:4B73H         LINE#         912
  C:4B73H         LINE#         914
  C:4B85H         LINE#         915
  C:4B8CH         LINE#         917
  C:4B8FH         LINE#         918
  C:4B8FH         LINE#         919
  C:4BB9H         LINE#         920
  C:4BB9H         LINE#         921
  C:4BC8H         LINE#         922
  C:4BD5H         LINE#         923
  C:4BD5H         LINE#         924
  C:4C33H         LINE#         925
  C:4C47H         LINE#         926
  C:4C51H         LINE#         927
  C:4C51H         LINE#         928
  C:4C69H         LINE#         929
  C:4C69H         LINE#         930
  -------         ENDPROC       _GUI_SHOW_STRINGEX
BL51 BANKED LINKER/LOCATER V6.22.2.0                                                  12/25/2019  12:50:41  PAGE 56


  -------         ENDMOD        GUI

  -------         MODULE        ?C?COPY
  C:239CH         PUBLIC        ?C?COPY
  -------         ENDMOD        ?C?COPY

  -------         MODULE        ?C?CLDPTR
  C:23C2H         PUBLIC        ?C?CLDPTR
  -------         ENDMOD        ?C?CLDPTR

  -------         MODULE        ?C?CLDOPTR
  C:23DBH         PUBLIC        ?C?CLDOPTR
  -------         ENDMOD        ?C?CLDOPTR

  -------         MODULE        ?C?CSTPTR
  C:2408H         PUBLIC        ?C?CSTPTR
  -------         ENDMOD        ?C?CSTPTR

  -------         MODULE        ?C?CSTOPTR
  C:241AH         PUBLIC        ?C?CSTOPTR
  -------         ENDMOD        ?C?CSTOPTR

  -------         MODULE        ?C?IMUL
  C:243CH         PUBLIC        ?C?IMUL
  -------         ENDMOD        ?C?IMUL

  -------         MODULE        ?C?UIDIV
  C:244EH         PUBLIC        ?C?UIDIV
  -------         ENDMOD        ?C?UIDIV

  -------         MODULE        ?C?SIDIV
  C:24A3H         PUBLIC        ?C?SIDIV
  -------         ENDMOD        ?C?SIDIV

  -------         MODULE        ?C?IILDX
  C:24D9H         PUBLIC        ?C?IILDX
  -------         ENDMOD        ?C?IILDX

  -------         MODULE        ?C?ILDIX
  C:24EFH         PUBLIC        ?C?ILDIX
  -------         ENDMOD        ?C?ILDIX

  -------         MODULE        ?C?ILDOPTR
  C:2505H         PUBLIC        ?C?ILDOPTR
  -------         ENDMOD        ?C?ILDOPTR

  -------         MODULE        ?C?ISTOPTR
  C:253DH         PUBLIC        ?C?ISTOPTR
  -------         ENDMOD        ?C?ISTOPTR

  -------         MODULE        ?C?LMUL
  C:256AH         PUBLIC        ?C?LMUL
  -------         ENDMOD        ?C?LMUL

  -------         MODULE        ?C?ULDIV
  C:25F5H         PUBLIC        ?C?ULDIV
  -------         ENDMOD        ?C?ULDIV
BL51 BANKED LINKER/LOCATER V6.22.2.0                                                  12/25/2019  12:50:41  PAGE 57



  -------         MODULE        ?C?SLDIV
  C:816AH         PUBLIC        ?C?SLDIV
  -------         ENDMOD        ?C?SLDIV

  -------         MODULE        ?C?SLCMP
  C:2687H         PUBLIC        ?C?SLCMP
  -------         ENDMOD        ?C?SLCMP

  -------         MODULE        ?C?ULCMP
  C:269DH         PUBLIC        ?C?ULCMP
  -------         ENDMOD        ?C?ULCMP

  -------         MODULE        ?C?ULSHR
  C:26AEH         PUBLIC        ?C?ULSHR
  -------         ENDMOD        ?C?ULSHR

  -------         MODULE        ?C?LSTXDATA
  C:26C1H         PUBLIC        ?C?LSTXDATA
  -------         ENDMOD        ?C?LSTXDATA

  -------         MODULE        ?C?LSTKXDATA
  C:26CDH         PUBLIC        ?C?LSTKXDATA
  -------         ENDMOD        ?C?LSTKXDATA

  -------         MODULE        ?C?LIMUL
  C:26FEH         PUBLIC        ?C?LIMUL
  -------         ENDMOD        ?C?LIMUL

  -------         MODULE        PRINTF
  X:0000H         PUBLIC        ?_PRINTF517?BYTE
  X:0000H         PUBLIC        ?_PRINTF?BYTE
  X:0000H         PUBLIC        ?_SPRINTF517?BYTE
  X:0000H         PUBLIC        ?_SPRINTF?BYTE
  C:36EFH         PUBLIC        _PRINTF
  C:36EFH         PUBLIC        _PRINTF517
  C:36E9H         PUBLIC        _SPRINTF
  C:36E9H         PUBLIC        _SPRINTF517
  -------         ENDMOD        PRINTF

  -------         MODULE        STRLEN
  C:859DH         PUBLIC        _STRLEN
  -------         ENDMOD        STRLEN

  -------         MODULE        ?C?PLDIXDATA
  C:272BH         PUBLIC        ?C?PLDIXDATA
  -------         ENDMOD        ?C?PLDIXDATA

  -------         MODULE        ?C?PSTXDATA
  C:2742H         PUBLIC        ?C?PSTXDATA
  -------         ENDMOD        ?C?PSTXDATA

  -------         MODULE        ?C?CCASE
  C:274BH         PUBLIC        ?C?CCASE
  -------         ENDMOD        ?C?CCASE

  -------         MODULE        PUTCHAR
BL51 BANKED LINKER/LOCATER V6.22.2.0                                                  12/25/2019  12:50:41  PAGE 58


  C:845AH         PUBLIC        _PUTCHAR
  -------         ENDMOD        PUTCHAR

*** WARNING L16: UNCALLED SEGMENT, IGNORED FOR OVERLAY PROCESS
    SEGMENT: ?PR?_SPI_READ?MAIN

*** WARNING L16: UNCALLED SEGMENT, IGNORED FOR OVERLAY PROCESS
    SEGMENT: ?PR?_SPI_READ_BUF?MAIN

*** WARNING L16: UNCALLED SEGMENT, IGNORED FOR OVERLAY PROCESS
    SEGMENT: ?PR?RX_MODE?MAIN

*** WARNING L16: UNCALLED SEGMENT, IGNORED FOR OVERLAY PROCESS
    SEGMENT: ?PR?_DELAY_US?PUBLIC

*** WARNING L16: UNCALLED SEGMENT, IGNORED FOR OVERLAY PROCESS
    SEGMENT: ?PR?_UART_CMD?UART

*** WARNING L16: UNCALLED SEGMENT, IGNORED FOR OVERLAY PROCESS
    SEGMENT: ?PR?_UART_SENDSTRING?UART

*** WARNING L16: UNCALLED SEGMENT, IGNORED FOR OVERLAY PROCESS
    SEGMENT: ?PR?_LCD_COLOR_FILL?TFTLCD

*** WARNING L16: UNCALLED SEGMENT, IGNORED FOR OVERLAY PROCESS
    SEGMENT: ?PR?_LCD_DRAWBIGPOINT?TFTLCD

*** WARNING L16: UNCALLED SEGMENT, IGNORED FOR OVERLAY PROCESS
    SEGMENT: ?PR?_LCD_DRAWLINE_COLOR?TFTLCD

*** WARNING L16: UNCALLED SEGMENT, IGNORED FOR OVERLAY PROCESS
    SEGMENT: ?PR?_LCD_DROWSIGN?TFTLCD

*** WARNING L16: UNCALLED SEGMENT, IGNORED FOR OVERLAY PROCESS
    SEGMENT: ?PR?_LCD_DRAWRECTANGLE?TFTLCD

*** WARNING L16: UNCALLED SEGMENT, IGNORED FOR OVERLAY PROCESS
    SEGMENT: ?PR?_LCD_DRAW_CIRCLE?TFTLCD

*** WARNING L16: UNCALLED SEGMENT, IGNORED FOR OVERLAY PROCESS
    SEGMENT: ?PR?_LCD_SHOWNUM?TFTLCD

*** WARNING L16: UNCALLED SEGMENT, IGNORED FOR OVERLAY PROCESS
    SEGMENT: ?PR?_LCD_SHOWXNUM?TFTLCD

*** WARNING L16: UNCALLED SEGMENT, IGNORED FOR OVERLAY PROCESS
    SEGMENT: ?PR?_LCD_SHOWFONTHZ?TFTLCD

*** WARNING L16: UNCALLED SEGMENT, IGNORED FOR OVERLAY PROCESS
    SEGMENT: ?PR?_LCD_SHOWPICTURE?TFTLCD

*** WARNING L16: UNCALLED SEGMENT, IGNORED FOR OVERLAY PROCESS
    SEGMENT: ?PR?_GUI_COLOR_CHG?GUI

*** WARNING L16: UNCALLED SEGMENT, IGNORED FOR OVERLAY PROCESS
    SEGMENT: ?PR?_GUI_RGB332TORGB565?GUI

BL51 BANKED LINKER/LOCATER V6.22.2.0                                                  12/25/2019  12:50:41  PAGE 59


*** WARNING L16: UNCALLED SEGMENT, IGNORED FOR OVERLAY PROCESS
    SEGMENT: ?PR?_GUI_DISABS?GUI

*** WARNING L16: UNCALLED SEGMENT, IGNORED FOR OVERLAY PROCESS
    SEGMENT: ?PR?_GUI_DRAW_POINT?GUI

*** WARNING L16: UNCALLED SEGMENT, IGNORED FOR OVERLAY PROCESS
    SEGMENT: ?PR?_GUI_ALPHABLEND_AREA?GUI

*** WARNING L16: UNCALLED SEGMENT, IGNORED FOR OVERLAY PROCESS
    SEGMENT: ?PR?_GUI_DRAW_BLINE?GUI

*** WARNING L16: UNCALLED SEGMENT, IGNORED FOR OVERLAY PROCESS
    SEGMENT: ?PR?_GUI_DRAW_BLINE1?GUI

*** WARNING L16: UNCALLED SEGMENT, IGNORED FOR OVERLAY PROCESS
    SEGMENT: ?PR?_GUI_FILL_COLORBLOCK?GUI

*** WARNING L16: UNCALLED SEGMENT, IGNORED FOR OVERLAY PROCESS
    SEGMENT: ?PR?_GUI_DRAW_SMOOTH_RECTANGLE?GUI

*** WARNING L16: UNCALLED SEGMENT, IGNORED FOR OVERLAY PROCESS
    SEGMENT: ?PR?_GUI_DRAW_RECTANGLE?GUI

*** WARNING L16: UNCALLED SEGMENT, IGNORED FOR OVERLAY PROCESS
    SEGMENT: ?PR?_GUI_DRAW_ELLIPSE?GUI

*** WARNING L16: UNCALLED SEGMENT, IGNORED FOR OVERLAY PROCESS
    SEGMENT: ?PR?_GUI_FILL_ELLIPSE?GUI

*** WARNING L16: UNCALLED SEGMENT, IGNORED FOR OVERLAY PROCESS
    SEGMENT: ?PR?_GUI_SHOW_STRMIDEX?GUI

*** WARNING L16: UNCALLED SEGMENT, IGNORED FOR OVERLAY PROCESS
    SEGMENT: ?PR?_GUI_SHOW_NUM?GUI

*** WARNING L16: UNCALLED SEGMENT, IGNORED FOR OVERLAY PROCESS
    SEGMENT: ?PR?_GUI_NUM2STR?GUI

*** WARNING L16: UNCALLED SEGMENT, IGNORED FOR OVERLAY PROCESS
    SEGMENT: ?PR?_GUI_NUM2STREX?GUI

*** WARNING L16: UNCALLED SEGMENT, IGNORED FOR OVERLAY PROCESS
    SEGMENT: ?PR?_GUI_SHOW_PTSTRWHITERIM?GUI

*** WARNING L16: UNCALLED SEGMENT, IGNORED FOR OVERLAY PROCESS
    SEGMENT: ?PR?_GUI_GET_STRINGLINE?GUI

*** WARNING L16: UNCALLED SEGMENT, IGNORED FOR OVERLAY PROCESS
    SEGMENT: ?PR?_GUI_SHOW_STRING?GUI

Program Size: data=16.1 xdata=844 code=34361
LINK/LOCATE RUN COMPLETE.  35 WARNING(S),  0 ERROR(S)
